<html>
<body>
<pre>
<h1>µVision Build Log</h1>
<h2>Tool Versions:</h2>
IDE-Version: µVision V5.21.1.0
Copyright (C) 2016 ARM Ltd and ARM Germany GmbH. All rights reserved.
License Information: Authorized User Conestoga College Flex license: MDK-ARM Professional: 100 user(s) (mdk_pro) Operation stops: 10 Dec 2019
 
Tool Versions:
Toolchain:       MDK-ARM Professional: 100 user(s)  Version: 5.24.1
Toolchain Path:  C:\Keil_v5\ARM\ARMCC\Bin
C Compiler:      Armcc.exe V5.06 update 5 (build 528)
Assembler:       Armasm.exe V5.06 update 5 (build 528)
Linker/Locator:  ArmLink.exe V5.06 update 5 (build 528)
Library Manager: ArmAr.exe V5.06 update 5 (build 528)
Hex Converter:   FromElf.exe V5.06 update 5 (build 528)
CPU DLL:         SARMCM3.DLL V5.24.1
Dialog DLL:      DCM.DLL V1.16.0.0
Target DLL:      STLink\ST-LINKIII-KEIL_SWO.dll V3.0.1.0
Dialog DLL:      TCM.DLL V1.32.0.0
 
<h2>Project:</h2>
C:\Users\Wtang7928\OneDrive\School\2019 Fall semester - L6\Engineering Project V\Nucleo_64\Nucleo_64.uvprojx
Project File Date:  09/04/2019

<h2>Output:</h2>
*** Using Compiler 'V5.06 update 5 (build 528)', folder: 'C:\Keil_v5\ARM\ARMCC\Bin'
Build target 'Target 1'
compiling UDS.c...
UDS.c(45): warning:  #61-D: integer operation result is out of range
  	
PIO_PIN_MODE(UDS_TRIG_PORT, UDS_TRIG_PIN, AF);								//1. set trigger pin as alternate function mode
UDS.c(45): warning:  #68-D: integer conversion resulted in a change of sign
  	
PIO_PIN_MODE(UDS_TRIG_PORT, UDS_TRIG_PIN, AF);								//1. set trigger pin as alternate function mode
UDS.c: 2 warnings, 0 errors
linking...
Program Size: Code=17396 RO-data=988 RW-data=140 ZI-data=1708  
FromELF: creating hex file...
".\Objects\Nucleo_64.axf" - 0 Error(s), 2 Warning(s).

<h2>Software Packages used:</h2>

Package Vendor: ARM
                http://www.keil.com/pack/ARM.CMSIS.5.6.0.pack
                ARM::CMSIS:CORE:5.3.0
                CMSIS (Cortex Microcontroller Software Interface Standard)
   * Component: CORE Version: 5.3.0

<h2>Collection of Component include folders:</h2>
  C:\Users\Wtang7928\OneDrive\School\2019 Fall semester - L6\Engineering Project V\Nucleo_64\RTE
  C:\Keil_v5\ARM\PACK\ARM\CMSIS\5.6.0\CMSIS\Core\Include
  C:\Keil_v5\ARM\PACK\Keil\STM32F3xx_DFP\2.1.0\Drivers\CMSIS\Device\ST\STM32F3xx\Include

<h2>Collection of Component Files used:</h2>

   * Component: ARM::CMSIS:CORE:5.3.0
Build Time Elapsed:  00:00:00
</pre>
</body>
</html>
