Component: ARM Compiler 5.06 update 5 (build 528) Tool: armlink [4d35e2]

==============================================================================

Section Cross References

    startup_stm32f303xe.o(STACK) refers (Special) to heapauxi.o(.text) for __use_two_region_memory
    startup_stm32f303xe.o(HEAP) refers (Special) to heapauxi.o(.text) for __use_two_region_memory
    startup_stm32f303xe.o(RESET) refers (Special) to heapauxi.o(.text) for __use_two_region_memory
    startup_stm32f303xe.o(RESET) refers to startup_stm32f303xe.o(STACK) for __initial_sp
    startup_stm32f303xe.o(RESET) refers to startup_stm32f303xe.o(.text) for Reset_Handler
    startup_stm32f303xe.o(RESET) refers to systick.o(i.SysTick_Handler) for SysTick_Handler
    startup_stm32f303xe.o(RESET) refers to uds.o(i.TIM1_BRK_TIM15_IRQHandler) for TIM1_BRK_TIM15_IRQHandler
    startup_stm32f303xe.o(RESET) refers to encoder.o(i.TIM1_UP_TIM16_IRQHandler) for TIM1_UP_TIM16_IRQHandler
    startup_stm32f303xe.o(RESET) refers to encoder.o(i.TIM1_TRG_COM_TIM17_IRQHandler) for TIM1_TRG_COM_TIM17_IRQHandler
    startup_stm32f303xe.o(RESET) refers to dcmotor.o(i.TIM3_IRQHandler) for TIM3_IRQHandler
    startup_stm32f303xe.o(RESET) refers to steppermotor.o(i.TIM4_IRQHandler) for TIM4_IRQHandler
    startup_stm32f303xe.o(RESET) refers to uart.o(i.USART1_IRQHandler) for USART1_IRQHandler
    startup_stm32f303xe.o(RESET) refers to beeper.o(i.TIM8_CC_IRQHandler) for TIM8_CC_IRQHandler
    startup_stm32f303xe.o(RESET) refers to taskmanager.o(i.TIM20_CC_IRQHandler) for TIM20_CC_IRQHandler
    startup_stm32f303xe.o(.text) refers (Special) to heapauxi.o(.text) for __use_two_region_memory
    startup_stm32f303xe.o(.text) refers to system_stm32f3xx.o(i.SystemInit) for SystemInit
    startup_stm32f303xe.o(.text) refers to __main.o(!!!main) for __main
    startup_stm32f303xe.o(.text) refers to startup_stm32f303xe.o(HEAP) for Heap_Mem
    startup_stm32f303xe.o(.text) refers to startup_stm32f303xe.o(STACK) for Stack_Mem
    system_stm32f3xx.o(i.SystemCoreClockUpdate) refers to system_stm32f3xx.o(.data) for SystemCoreClock
    system_stm32f3xx.o(i.SystemCoreClockUpdate) refers to system_stm32f3xx.o(.constdata) for AHBPrescTable
    main.o(i.main) refers to sysclock.o(i.System_Clock_Init) for System_Clock_Init
    main.o(i.main) refers to systick.o(i.SysTick_Initialize) for SysTick_Initialize
    main.o(i.main) refers to lcd.o(i.LCDinit) for LCDinit
    main.o(i.main) refers to lcd.o(i.LCDclear) for LCDclear
    main.o(i.main) refers to lcd.o(i.LCDprintf) for LCDprintf
    main.o(i.main) refers to systick.o(i.Delay_ms) for Delay_ms
    main.o(i.main) refers to steppermotor.o(i.StepperMotorInit) for StepperMotorInit
    main.o(i.main) refers to servo.o(i.ServoInit) for ServoInit
    main.o(i.main) refers to dcmotor.o(i.DCMotorInit) for DCMotorInit
    main.o(i.main) refers to uds.o(i.UDSInit) for UDSInit
    main.o(i.main) refers to encoder.o(i.EncoderInit) for EncoderInit
    main.o(i.main) refers to uart.o(i.UARTInit) for UARTInit
    main.o(i.main) refers to steppermotor.o(i.limitSwitchInit) for limitSwitchInit
    main.o(i.main) refers to taskmanager.o(i.TaskManagerInit) for TaskManagerInit
    main.o(i.main) refers to servo.o(i.servoPosition) for servoPosition
    main.o(i.main) refers to taskmanager.o(i.period_width_to_speed) for period_width_to_speed
    main.o(i.main) refers to main.o(.bss) for current_instructions
    main.o(i.main) refers to encoder.o(.data) for left_period_width
    main.o(i.main) refers to main.o(.data) for left_speed
    led_flash.o(i.flashLED) refers to systick.o(i.Delay_ms) for Delay_ms
    systick.o(i.Delay_10us) refers to systick.o(.data) for TimeDelay
    systick.o(i.Delay_ms) refers to systick.o(i.Delay_10us) for Delay_10us
    systick.o(i.SysTick_Handler) refers to systick.o(.data) for TimeDelay
    lcd.o(i.LCDClearRow1) refers to lcd.o(i.LCDcmd) for LCDcmd
    lcd.o(i.LCDClearRow1) refers to lcd.o(i.LCDprintf) for LCDprintf
    lcd.o(i.LCDClearRow2) refers to lcd.o(i.LCDcmd) for LCDcmd
    lcd.o(i.LCDClearRow2) refers to lcd.o(i.LCDprintf) for LCDprintf
    lcd.o(i.LCDclear) refers to lcd.o(i.LCDcmd) for LCDcmd
    lcd.o(i.LCDclear) refers to systick.o(i.Delay_ms) for Delay_ms
    lcd.o(i.LCDinit) refers to systick.o(i.Delay_ms) for Delay_ms
    lcd.o(i.LCDinit) refers to lcd.o(i.LCDcmd) for LCDcmd
    lcd.o(i.LCDinit) refers to systick.o(i.Delay_10us) for Delay_10us
    lcd.o(i.LCDinit) refers to lcd.o(i.LCDclear) for LCDclear
    lcd.o(i.LCDprintf) refers to vsnprintf.o(.text) for vsnprintf
    lcd.o(i.LCDprintf) refers to lcd.o(i.LCDputs) for LCDputs
    lcd.o(i.LCDputc) refers to lcd.o(i.LCDcmd) for LCDcmd
    lcd.o(i.LCDputc) refers to lcd.o(i.LCDdata) for LCDdata
    lcd.o(i.LCDputc) refers to systick.o(i.Delay_10us) for Delay_10us
    lcd.o(i.LCDputc) refers to lcd.o(.data) for line
    lcd.o(i.LCDputs) refers to lcd.o(i.LCDputc) for LCDputc
[...]
    .ARM.Collect$$libinit$$0000000A          0x0800029e   Section        0  libinit2.o(.ARM.Collect$$libinit$$0000000A)
    .ARM.Collect$$libinit$$0000000C          0x0800029e   Section        0  libinit2.o(.ARM.Collect$$libinit$$0000000C)
    .ARM.Collect$$libinit$$0000000E          0x0800029e   Section        0  libinit2.o(.ARM.Collect$$libinit$$0000000E)
    .ARM.Collect$$libinit$$0000000F          0x0800029e   Section        6  libinit2.o(.ARM.Collect$$libinit$$0000000F)
    .ARM.Collect$$libinit$$00000011          0x080002a4   Section        0  libinit2.o(.ARM.Collect$$libinit$$00000011)
    .ARM.Collect$$libinit$$00000012          0x080002a4   Section       12  libinit2.o(.ARM.Collect$$libinit$$00000012)
    .ARM.Collect$$libinit$$00000013          0x080002b0   Section        0  libinit2.o(.ARM.Collect$$libinit$$00000013)
    .ARM.Collect$$libinit$$00000015          0x080002b0   Section        0  libinit2.o(.ARM.Collect$$libinit$$00000015)
    .ARM.Collect$$libinit$$00000016          0x080002b0   Section       10  libinit2.o(.ARM.Collect$$libinit$$00000016)
    .ARM.Collect$$libinit$$00000017          0x080002ba   Section        0  libinit2.o(.ARM.Collect$$libinit$$00000017)
    .ARM.Collect$$libinit$$00000019          0x080002ba   Section        0  libinit2.o(.ARM.Collect$$libinit$$00000019)
    .ARM.Collect$$libinit$$0000001B          0x080002ba   Section        0  libinit2.o(.ARM.Collect$$libinit$$0000001B)
    .ARM.Collect$$libinit$$0000001D          0x080002ba   Section        0  libinit2.o(.ARM.Collect$$libinit$$0000001D)
    .ARM.Collect$$libinit$$0000001F          0x080002ba   Section        0  libinit2.o(.ARM.Collect$$libinit$$0000001F)
    .ARM.Collect$$libinit$$00000021          0x080002ba   Section        0  libinit2.o(.ARM.Collect$$libinit$$00000021)
    .ARM.Collect$$libinit$$00000023          0x080002ba   Section        0  libinit2.o(.ARM.Collect$$libinit$$00000023)
    .ARM.Collect$$libinit$$00000025          0x080002ba   Section        0  libinit2.o(.ARM.Collect$$libinit$$00000025)
    .ARM.Collect$$libinit$$0000002C          0x080002ba   Section        0  libinit2.o(.ARM.Collect$$libinit$$0000002C)
    .ARM.Collect$$libinit$$0000002E          0x080002ba   Section        0  libinit2.o(.ARM.Collect$$libinit$$0000002E)
    .ARM.Collect$$libinit$$00000030          0x080002ba   Section        0  libinit2.o(.ARM.Collect$$libinit$$00000030)
    .ARM.Collect$$libinit$$00000032          0x080002ba   Section        0  libinit2.o(.ARM.Collect$$libinit$$00000032)
    .ARM.Collect$$libinit$$00000033          0x080002ba   Section        2  libinit2.o(.ARM.Collect$$libinit$$00000033)
    .ARM.Collect$$libshutdown$$00000000      0x080002bc   Section        2  libshutdown.o(.ARM.Collect$$libshutdown$$00000000)
    .ARM.Collect$$libshutdown$$00000002      0x080002be   Section        0  libshutdown2.o(.ARM.Collect$$libshutdown$$00000002)
    .ARM.Collect$$libshutdown$$00000004      0x080002be   Section        0  libshutdown2.o(.ARM.Collect$$libshutdown$$00000004)
    .ARM.Collect$$libshutdown$$00000007      0x080002be   Section        0  libshutdown2.o(.ARM.Collect$$libshutdown$$00000007)
    .ARM.Collect$$libshutdown$$0000000A      0x080002be   Section        0  libshutdown2.o(.ARM.Collect$$libshutdown$$0000000A)
    .ARM.Collect$$libshutdown$$0000000C      0x080002be   Section        0  libshutdown2.o(.ARM.Collect$$libshutdown$$0000000C)
    .ARM.Collect$$libshutdown$$0000000F      0x080002be   Section        0  libshutdown2.o(.ARM.Collect$$libshutdown$$0000000F)
    .ARM.Collect$$libshutdown$$00000010      0x080002be   Section        2  libshutdown2.o(.ARM.Collect$$libshutdown$$00000010)
    .ARM.Collect$$rtentry$$00000000          0x080002c0   Section        0  __rtentry.o(.ARM.Collect$$rtentry$$00000000)
    .ARM.Collect$$rtentry$$00000002          0x080002c0   Section        0  __rtentry2.o(.ARM.Collect$$rtentry$$00000002)
    .ARM.Collect$$rtentry$$00000004          0x080002c0   Section        6  __rtentry4.o(.ARM.Collect$$rtentry$$00000004)
    .ARM.Collect$$rtentry$$00000009          0x080002c6   Section        0  __rtentry2.o(.ARM.Collect$$rtentry$$00000009)
    .ARM.Collect$$rtentry$$0000000A          0x080002c6   Section        4  __rtentry2.o(.ARM.Collect$$rtentry$$0000000A)
    .ARM.Collect$$rtentry$$0000000C          0x080002ca   Section        0  __rtentry2.o(.ARM.Collect$$rtentry$$0000000C)
    .ARM.Collect$$rtentry$$0000000D          0x080002ca   Section        8  __rtentry2.o(.ARM.Collect$$rtentry$$0000000D)
    .ARM.Collect$$rtexit$$00000000           0x080002d2   Section        2  rtexit.o(.ARM.Collect$$rtexit$$00000000)
    .ARM.Collect$$rtexit$$00000002           0x080002d4   Section        0  rtexit2.o(.ARM.Collect$$rtexit$$00000002)
    .ARM.Collect$$rtexit$$00000003           0x080002d4   Section        4  rtexit2.o(.ARM.Collect$$rtexit$$00000003)
    .ARM.Collect$$rtexit$$00000004           0x080002d8   Section        6  rtexit2.o(.ARM.Collect$$rtexit$$00000004)
    .text                                    0x080002e0   Section       64  startup_stm32f303xe.o(.text)
    $v0                                      0x080002e0   Number         0  startup_stm32f303xe.o(.text)
    .text                                    0x08000320   Section        0  vsnprintf.o(.text)
    .text                                    0x08000354   Section        0  atoi.o(.text)
    .text                                    0x0800036e   Section      138  rt_memcpy_v6.o(.text)
    .text                                    0x080003f8   Section        0  heapauxi.o(.text)
    .text                                    0x08000400   Section       16  rt_ctype_table.o(.text)
    .text                                    0x08000410   Section        8  rt_errno_addr_intlibspace.o(.text)
    .text                                    0x08000418   Section        0  _printf_pad.o(.text)
    .text                                    0x08000466   Section        0  _printf_truncate.o(.text)
    .text                                    0x0800048a   Section        0  _printf_str.o(.text)
    .text                                    0x080004dc   Section        0  _printf_dec.o(.text)
    .text                                    0x08000554   Section        0  _printf_charcount.o(.text)
    .text                                    0x0800057c   Section        0  _printf_char_common.o(.text)
    _printf_input_char                       0x0800057d   Thumb Code    10  _printf_char_common.o(.text)
    .text                                    0x080005ac   Section        0  _sputc.o(.text)
    .text                                    0x080005b6   Section        0  _snputc.o(.text)
    .text                                    0x080005c8   Section        0  _printf_wctomb.o(.text)
    .text                                    0x08000684   Section        0  _printf_longlong_dec.o(.text)
    .text                                    0x08000700   Section        0  _printf_oct_int_ll.o(.text)
    _printf_longlong_oct_internal            0x08000701   Thumb Code     0  _printf_oct_int_ll.o(.text)
    .text                                    0x08000770   Section        0  _printf_hex_int_ll_ptr.o(.text)
    _printf_hex_common                       0x08000771   Thumb Code     0  _printf_hex_int_ll_ptr.o(.text)
    .text                                    0x08000804   Section        0  __printf_flags_ss_wp.o(.text)
    .text                                    0x0800098c   Section        0  strtol.o(.text)
    .text                                    0x080009fc   Section      100  rt_memcpy_w.o(.text)
    .text                                    0x08000a60   Section        8  libspace.o(.text)
    .text                                    0x08000a68   Section        8  rt_locale_intlibspace.o(.text)
    .text                                    0x08000a70   Section      138  lludiv10.o(.text)
    .text                                    0x08000afa   Section        0  _printf_intcommon.o(.text)
    .text                                    0x08000bac   Section        0  _printf_fp_dec.o(.text)
    _fp_digits                               0x08000baf   Thumb Code   432  _printf_fp_dec.o(.text)
    .text                                    0x08000fcc   Section        0  _printf_fp_hex.o(.text)
    .text                                    0x080012c8   Section        0  _printf_char.o(.text)
    .text                                    0x080012f4   Section        0  _printf_wchar.o(.text)
    .text                                    0x08001320   Section        0  _strtoul.o(.text)
    .text                                    0x080013be   Section        0  _wcrtomb.o(.text)
    .text                                    0x080013fe   Section       74  sys_stackheap_outer.o(.text)
    .text                                    0x08001448   Section        0  _printf_fp_infnan.o(.text)
    .text                                    0x080014c8   Section        0  _chval.o(.text)
    .text                                    0x080014e4   Section        0  bigflt0.o(.text)
    .text                                    0x080015c8   Section        0  exit.o(.text)
    .text                                    0x080015dc   Section      128  strcmpv7m.o(.text)
    .text                                    0x0800165c   Section        0  sys_exit.o(.text)
    .text                                    0x08001668   Section        2  use_no_semi.o(.text)
    .text                                    0x0800166a   Section        0  indicate_semi.o(.text)
    CL$$btod_d2e                             0x0800166a   Section       62  btod.o(CL$$btod_d2e)
    CL$$btod_d2e_denorm_low                  0x080016a8   Section       70  btod.o(CL$$btod_d2e_denorm_low)
    CL$$btod_d2e_norm_op1                    0x080016ee   Section       96  btod.o(CL$$btod_d2e_norm_op1)
    CL$$btod_div_common                      0x0800174e   Section      824  btod.o(CL$$btod_div_common)
    CL$$btod_e2e                             0x08001a86   Section      220  btod.o(CL$$btod_e2e)
    CL$$btod_ediv                            0x08001b62   Section       42  btod.o(CL$$btod_ediv)
    CL$$btod_emul                            0x08001b8c   Section       42  btod.o(CL$$btod_emul)
    CL$$btod_mult_common                     0x08001bb6   Section      580  btod.o(CL$$btod_mult_common)
    i.DCMotorInit                            0x08001dfc   Section        0  dcmotor.o(i.DCMotorInit)
    i.Delay_10us                             0x080020e0   Section        0  systick.o(i.Delay_10us)
    i.Delay_ms                               0x080020fc   Section        0  systick.o(i.Delay_ms)
    i.EncoderInit                            0x0800210c   Section        0  encoder.o(i.EncoderInit)
    i.LCDclear                               0x0800229c   Section        0  lcd.o(i.LCDclear)
    i.LCDcmd                                 0x080022ac   Section        0  lcd.o(i.LCDcmd)
    i.LCDdata                                0x08002308   Section        0  lcd.o(i.LCDdata)
    i.LCDinit                                0x08002364   Section        0  lcd.o(i.LCDinit)
    i.LCDprintf                              0x08002534   Section        0  lcd.o(i.LCDprintf)
    i.LCDputc                                0x0800255c   Section        0  lcd.o(i.LCDputc)
    i.LCDputs                                0x08002584   Section        0  lcd.o(i.LCDputs)
    i.ServoInit                              0x0800259c   Section        0  servo.o(i.ServoInit)
    i.StepperMotorInit                       0x08002654   Section        0  steppermotor.o(i.StepperMotorInit)
    i.SysTick_Handler                        0x0800282c   Section        0  systick.o(i.SysTick_Handler)
    i.SysTick_Initialize                     0x08002844   Section        0  systick.o(i.SysTick_Initialize)
    i.SystemInit                             0x080028a8   Section        0  system_stm32f3xx.o(i.SystemInit)
    i.System_Clock_Init                      0x08002924   Section        0  sysclock.o(i.System_Clock_Init)
    i.TIM1_BRK_TIM15_IRQHandler              0x08002a24   Section        0  uds.o(i.TIM1_BRK_TIM15_IRQHandler)
    i.TIM1_TRG_COM_TIM17_IRQHandler          0x08002ae0   Section        0  encoder.o(i.TIM1_TRG_COM_TIM17_IRQHandler)
    i.TIM1_UP_TIM16_IRQHandler               0x08002b40   Section        0  encoder.o(i.TIM1_UP_TIM16_IRQHandler)
    i.TIM20_CC_IRQHandler                    0x08002bb0   Section        0  taskmanager.o(i.TIM20_CC_IRQHandler)
    i.TIM3_IRQHandler                        0x08002c2c   Section        0  dcmotor.o(i.TIM3_IRQHandler)
    i.TIM4_IRQHandler                        0x08002c9c   Section        0  steppermotor.o(i.TIM4_IRQHandler)
    i.TIM8_CC_IRQHandler                     0x08002e30   Section        0  beeper.o(i.TIM8_CC_IRQHandler)
    i.TaskManagerInit                        0x08002f18   Section        0  taskmanager.o(i.TaskManagerInit)
    i.UARTCheckEnter                         0x08002fe4   Section        0  uart.o(i.UARTCheckEnter)
    i.UARTDequeue                            0x08003004   Section        0  uart.o(i.UARTDequeue)
    i.UARTInit                               0x08003044   Section        0  uart.o(i.UARTInit)
    i.UARTNotEmpty                           0x08003294   Section        0  uart.o(i.UARTNotEmpty)
    i.UARTString                             0x080032a8   Section        0  uart.o(i.UARTString)
    i.UARTprintf                             0x080032c4   Section        0  uart.o(i.UARTprintf)
    i.UARTputc                               0x080032ec   Section        0  uart.o(i.UARTputc)
    i.UARTputs                               0x08003308   Section        0  uart.o(i.UARTputs)
    i.UDSEcho                                0x08003320   Section        0  uds.o(i.UDSEcho)
    i.UDSInit                                0x0800340c   Section        0  uds.o(i.UDSInit)
    i.UDSTrig                                0x08003418   Section        0  uds.o(i.UDSTrig)
    i.USART1_IRQHandler                      0x08003494   Section        0  uart.o(i.USART1_IRQHandler)
    i.__ARM_fpclassify                       0x080034bc   Section        0  fpclassify.o(i.__ARM_fpclassify)
    i.__NVIC_EnableIRQ                       0x080034ec   Section        0  encoder.o(i.__NVIC_EnableIRQ)
    __NVIC_EnableIRQ                         0x080034ed   Thumb Code    34  encoder.o(i.__NVIC_EnableIRQ)
    i.__NVIC_SetPriority                     0x08003510   Section        0  encoder.o(i.__NVIC_SetPriority)
    __NVIC_SetPriority                       0x08003511   Thumb Code    32  encoder.o(i.__NVIC_SetPriority)
    i._is_digit                              0x08003538   Section        0  __printf_wp.o(i._is_digit)
    i.beeperControl                          0x08003548   Section        0  uds.o(i.beeperControl)
    i.limitSwitchInit                        0x0800370c   Section        0  steppermotor.o(i.limitSwitchInit)
    i.main                                   0x0800375c   Section        0  main.o(i.main)
    i.mapValue                               0x08003844   Section        0  utilities.o(i.mapValue)
    i.period_width_to_speed                  0x08003868   Section        0  taskmanager.o(i.period_width_to_speed)
    i.receive                                0x080038a4   Section        0  uart.o(i.receive)
    i.runDCMotor                             0x080038dc   Section        0  dcmotor.o(i.runDCMotor)
    i.runStepperMotor                        0x080039e4   Section        0  steppermotor.o(i.runStepperMotor)
    i.servoPosition                          0x08003a40   Section        0  servo.o(i.servoPosition)
    i.speedControl                           0x08003a74   Section        0  dcmotor.o(i.speedControl)
    i.stepperExitParallel                    0x08003ae8   Section        0  steppermotor.o(i.stepperExitParallel)
    i.stepperHoming                          0x08003b2c   Section        0  steppermotor.o(i.stepperHoming)
    i.update_instruction                     0x08003bd0   Section        0  uart.o(i.update_instruction)
    locale$$code                             0x08003d2c   Section       44  lc_ctype_c.o(locale$$code)
    locale$$code                             0x08003d58   Section       44  lc_numeric_c.o(locale$$code)
    x$fpl$dcmpinf                            0x08003d84   Section       24  dcmpi.o(x$fpl$dcmpinf)
    $v0                                      0x08003d84   Number         0  dcmpi.o(x$fpl$dcmpinf)
    x$fpl$dfltu                              0x08003d9c   Section       38  dflt_clz.o(x$fpl$dfltu)
    $v0                                      0x08003d9c   Number         0  dflt_clz.o(x$fpl$dfltu)
    x$fpl$dleqf                              0x08003dc4   Section      120  dleqf.o(x$fpl$dleqf)
    $v0                                      0x08003dc4   Number         0  dleqf.o(x$fpl$dleqf)
    x$fpl$dmul                               0x08003e3c   Section      340  dmul.o(x$fpl$dmul)
    $v0                                      0x08003e3c   Number         0  dmul.o(x$fpl$dmul)
    x$fpl$dnaninf                            0x08003f90   Section      156  dnaninf.o(x$fpl$dnaninf)
    $v0                                      0x08003f90   Number         0  dnaninf.o(x$fpl$dnaninf)
    x$fpl$dretinf                            0x0800402c   Section       12  dretinf.o(x$fpl$dretinf)
    $v0                                      0x0800402c   Number         0  dretinf.o(x$fpl$dretinf)
    x$fpl$drleqf                             0x08004038   Section      108  drleqf.o(x$fpl$drleqf)
    $v0                                      0x08004038   Number         0  drleqf.o(x$fpl$drleqf)
    x$fpl$fpinit                             0x080040a4   Section       10  fpinit.o(x$fpl$fpinit)
    $v0                                      0x080040a4   Number         0  fpinit.o(x$fpl$fpinit)
    x$fpl$printf1                            0x080040ae   Section        4  printf1.o(x$fpl$printf1)
    $v0                                      0x080040ae   Number         0  printf1.o(x$fpl$printf1)
    x$fpl$printf2                            0x080040b2   Section        4  printf2.o(x$fpl$printf2)
    $v0                                      0x080040b2   Number         0  printf2.o(x$fpl$printf2)
    x$fpl$usenofp                            0x080040b6   Section        0  usenofp.o(x$fpl$usenofp)
    .constdata                               0x080040b8   Section        8  _printf_wctomb.o(.constdata)
    initial_mbstate                          0x080040b8   Data           8  _printf_wctomb.o(.constdata)
    .constdata                               0x080040c0   Section       40  _printf_hex_int_ll_ptr.o(.constdata)
    uc_hextab                                0x080040c0   Data          20  _printf_hex_int_ll_ptr.o(.constdata)
    lc_hextab                                0x080040d4   Data          20  _printf_hex_int_ll_ptr.o(.constdata)
    .constdata                               0x080040e8   Section       17  __printf_flags_ss_wp.o(.constdata)
    maptable                                 0x080040e8   Data          17  __printf_flags_ss_wp.o(.constdata)
    .constdata                               0x080040f9   Section       38  _printf_fp_hex.o(.constdata)
    lc_hextab                                0x080040f9   Data          19  _printf_fp_hex.o(.constdata)
    uc_hextab                                0x0800410c   Data          19  _printf_fp_hex.o(.constdata)
    .constdata                               0x08004120   Section      148  bigflt0.o(.constdata)
    tenpwrs_x                                0x08004120   Data          60  bigflt0.o(.constdata)
    tenpwrs_i                                0x0800415c   Data          64  bigflt0.o(.constdata)
    locale$$data                             0x080041d4   Section      272  lc_ctype_c.o(locale$$data)
    __lcctype_c_name                         0x080041d8   Data           2  lc_ctype_c.o(locale$$data)
    __lcctype_c_start                        0x080041e0   Data           0  lc_ctype_c.o(locale$$data)
    locale$$data                             0x080042e4   Section       28  lc_numeric_c.o(locale$$data)
    __lcctype_c_end                          0x080042e4   Data           0  lc_ctype_c.o(locale$$data)
    __lcnum_c_name                           0x080042e8   Data           2  lc_numeric_c.o(locale$$data)
    __lcnum_c_start                          0x080042f0   Data           0  lc_numeric_c.o(locale$$data)
    __lcnum_c_point                          0x080042fc   Data           0  lc_numeric_c.o(locale$$data)
    __lcnum_c_thousands                      0x080042fe   Data           0  lc_numeric_c.o(locale$$data)
    __lcnum_c_grouping                       0x080042ff   Data           0  lc_numeric_c.o(locale$$data)
    __lcnum_c_end                            0x08004300   Data           0  lc_numeric_c.o(locale$$data)
    .data                                    0x20000000   Section        8  main.o(.data)
    .data                                    0x20000008   Section        4  systick.o(.data)
    TimeDelay                                0x20000008   Data           4  systick.o(.data)
    .data                                    0x2000000c   Section        1  lcd.o(.data)
    line                                     0x2000000c   Data           1  lcd.o(.data)
    .data                                    0x20000010   Section       48  steppermotor.o(.data)
    stepperValue                             0x20000010   Data          32  steppermotor.o(.data)
    current_position                         0x20000030   Data           4  steppermotor.o(.data)
    stepper_max_angle                        0x20000034   Data           4  steppermotor.o(.data)
    stepper_min_angle                        0x20000038   Data           4  steppermotor.o(.data)
    currentStepperIndex                      0x2000003c   Data           4  steppermotor.o(.data)
    .data                                    0x20000040   Section        4  servo.o(.data)
    .data                                    0x20000044   Section        8  dcmotor.o(.data)
    left_PWM                                 0x20000044   Data           4  dcmotor.o(.data)
    right_PWM                                0x20000048   Data           4  dcmotor.o(.data)
    .data                                    0x2000004c   Section       24  uds.o(.data)
    current_captured                         0x20000050   Data           4  uds.o(.data)
    last_captured                            0x20000054   Data           4  uds.o(.data)
    signal_polarity                          0x20000058   Data           4  uds.o(.data)
    overflow_count_echo                      0x2000005c   Data           4  uds.o(.data)
    average                                  0x20000060   Data           4  uds.o(.data)
    .data                                    0x20000064   Section       28  encoder.o(.data)
    left_last_captured                       0x20000068   Data           4  encoder.o(.data)
    right_last_captured                      0x20000070   Data           4  encoder.o(.data)
    overflow_count                           0x20000074   Data           4  encoder.o(.data)
    LCD_overflow_count                       0x20000078   Data           4  encoder.o(.data)
    overflow_count                           0x2000007c   Data           4  encoder.o(.data)
    .data                                    0x20000080   Section       11  uart.o(.data)
    Rx1_Counter                              0x20000080   Data           4  uart.o(.data)
    .data                                    0x2000008c   Section       20  beeper.o(.data)
    signal_polarity                          0x20000090   Data           1  beeper.o(.data)
    signal_enable                            0x20000091   Data           1  beeper.o(.data)
    overflow_count                           0x20000094   Data           4  beeper.o(.data)
    beep_cycle_flag                          0x20000098   Data           1  beeper.o(.data)
    beep_cycle_temp                          0x2000009c   Data           4  beeper.o(.data)
    .data                                    0x200000a0   Section        3  taskmanager.o(.data)
    count                                    0x200000a0   Data           1  taskmanager.o(.data)
    previous_cmd_num                         0x200000a1   Data           1  taskmanager.o(.data)
    error_check                              0x200000a2   Data           1  taskmanager.o(.data)
    .bss                                     0x200000a4   Section       32  main.o(.bss)
    .bss                                     0x200000c4   Section       50  uart.o(.bss)
    USART1_Buffer_Rx                         0x200000c4   Data          50  uart.o(.bss)
    .bss                                     0x200000f8   Section       96  libspace.o(.bss)
    HEAP                                     0x20000158   Section      512  startup_stm32f303xe.o(HEAP)
    Heap_Mem                                 0x20000158   Data         512  startup_stm32f303xe.o(HEAP)
    STACK                                    0x20000358   Section     1024  startup_stm32f303xe.o(STACK)
    Stack_Mem                                0x20000358   Data        1024  startup_stm32f303xe.o(STACK)
    __initial_sp                             0x20000758   Data           0  startup_stm32f303xe.o(STACK)

    Global Symbols

    Symbol Name                              Value     Ov Type        Size  Object(Section)

    BuildAttributes$$THM_ISAv4$E$P$D$K$B$S$7EM$VFPi3$EXTD16$VFPS$VFMA$PE$A:L22UL41UL21$X:L11$S22US41US21$IEEE1$IW$USESV6$~STKCKD$USESV7$~SHL$OTIME$ROPI$IEEEJ$EBA8$UX$STANDARDLIB$REQ8$PRES8$EABIv2 0x00000000   Number         0  anon$$obj.o ABSOLUTE
    __ARM_use_no_argv                        0x00000000   Number         0  main.o ABSOLUTE
    _printf_flags                            0x00000000   Number         0  printf_stubs.o ABSOLUTE
    _printf_return_value                     0x00000000   Number         0  printf_stubs.o ABSOLUTE
    _printf_sizespec                         0x00000000   Number         0  printf_stubs.o ABSOLUTE
    _printf_widthprec                        0x00000000   Number         0  printf_stubs.o ABSOLUTE
    __ARM_exceptions_init                     - Undefined Weak Reference
    __alloca_initialize                       - Undefined Weak Reference
    __arm_preinit_                            - Undefined Weak Reference
    __cpp_initialize__aeabi_                  - Undefined Weak Reference
    __cxa_finalize                            - Undefined Weak Reference
    __sigvec_lookup                           - Undefined Weak Reference
    _atexit_init                              - Undefined Weak Reference
    _call_atexit_fns                          - Undefined Weak Reference
    _clock_init                               - Undefined Weak Reference
    _fp_trap_init                             - Undefined Weak Reference
    _fp_trap_shutdown                         - Undefined Weak Reference
    _get_lc_collate                           - Undefined Weak Reference
    _get_lc_monetary                          - Undefined Weak Reference
    _get_lc_time                              - Undefined Weak Reference
    _getenv_init                              - Undefined Weak Reference
    _handle_redirection                       - Undefined Weak Reference
    _init_alloc                               - Undefined Weak Reference
    _init_user_alloc                          - Undefined Weak Reference
    _initio                                   - Undefined Weak Reference
    _printf_mbtowc                            - Undefined Weak Reference
    _printf_wc                                - Undefined Weak Reference
    _rand_init                                - Undefined Weak Reference
    _signal_finish                            - Undefined Weak Reference
    _signal_init                              - Undefined Weak Reference
    _terminate_alloc                          - Undefined Weak Reference
    _terminate_user_alloc                     - Undefined Weak Reference
    _terminateio                              - Undefined Weak Reference
    __Vectors_Size                           0x00000194   Number         0  startup_stm32f303xe.o ABSOLUTE
    __Vectors                                0x08000000   Data           4  startup_stm32f303xe.o(RESET)
    __Vectors_End                            0x08000194   Data           0  startup_stm32f303xe.o(RESET)
    __main                                   0x08000195   Thumb Code     8  __main.o(!!!main)
    __scatterload                            0x0800019d   Thumb Code     0  __scatter.o(!!!scatter)
    __scatterload_rt2                        0x0800019d   Thumb Code    44  __scatter.o(!!!scatter)
    __scatterload_rt2_thumb_only             0x0800019d   Thumb Code     0  __scatter.o(!!!scatter)
    __scatterload_null                       0x080001ab   Thumb Code     0  __scatter.o(!!!scatter)
    __scatterload_copy                       0x080001d1   Thumb Code    26  __scatter_copy.o(!!handler_copy)
    __scatterload_zeroinit                   0x080001ed   Thumb Code    28  __scatter_zi.o(!!handler_zi)
    _printf_n                                0x08000209   Thumb Code     0  _printf_n.o(.ARM.Collect$$_printf_percent$$00000001)
    _printf_percent                          0x08000209   Thumb Code     0  _printf_percent.o(.ARM.Collect$$_printf_percent$$00000000)
    _printf_p                                0x0800020f   Thumb Code     0  _printf_p.o(.ARM.Collect$$_printf_percent$$00000002)
    _printf_f                                0x08000215   Thumb Code     0  _printf_f.o(.ARM.Collect$$_printf_percent$$00000003)
    _printf_e                                0x0800021b   Thumb Code     0  _printf_e.o(.ARM.Collect$$_printf_percent$$00000004)
    _printf_g                                0x08000221   Thumb Code     0  _printf_g.o(.ARM.Collect$$_printf_percent$$00000005)
    _printf_a                                0x08000227   Thumb Code     0  _printf_a.o(.ARM.Collect$$_printf_percent$$00000006)
    _printf_ll                               0x0800022d   Thumb Code     0  _printf_ll.o(.ARM.Collect$$_printf_percent$$00000007)
    _printf_i                                0x08000237   Thumb Code     0  _printf_i.o(.ARM.Collect$$_printf_percent$$00000008)
    _printf_d                                0x0800023d   Thumb Code     0  _printf_d.o(.ARM.Collect$$_printf_percent$$00000009)
    _printf_u                                0x08000243   Thumb Code     0  _printf_u.o(.ARM.Collect$$_printf_percent$$0000000A)
    _printf_o                                0x08000249   Thumb Code     0  _printf_o.o(.ARM.Collect$$_printf_percent$$0000000B)
    _printf_x                                0x0800024f   Thumb Code     0  _printf_x.o(.ARM.Collect$$_printf_percent$$0000000C)
    _printf_lli                              0x08000255   Thumb Code     0  _printf_lli.o(.ARM.Collect$$_printf_percent$$0000000D)
    _printf_lld                              0x0800025b   Thumb Code     0  _printf_lld.o(.ARM.Collect$$_printf_percent$$0000000E)
    _printf_llu                              0x08000261   Thumb Code     0  _printf_llu.o(.ARM.Collect$$_printf_percent$$0000000F)
    _printf_llo                              0x08000267   Thumb Code     0  _printf_llo.o(.ARM.Collect$$_printf_percent$$00000010)
    _printf_llx                              0x0800026d   Thumb Code     0  _printf_llx.o(.ARM.Collect$$_printf_percent$$00000011)
    _printf_l                                0x08000273   Thumb Code     0  _printf_l.o(.ARM.Collect$$_printf_percent$$00000012)
    _printf_c                                0x0800027d   Thumb Code     0  _printf_c.o(.ARM.Collect$$_printf_percent$$00000013)
    _printf_s                                0x08000283   Thumb Code     0  _printf_s.o(.ARM.Collect$$_printf_percent$$00000014)
    _printf_lc                               0x08000289   Thumb Code     0  _printf_lc.o(.ARM.Collect$$_printf_percent$$00000015)
    _printf_ls                               0x0800028f   Thumb Code     0  _printf_ls.o(.ARM.Collect$$_printf_percent$$00000016)
    _printf_percent_end                      0x08000295   Thumb Code     0  _printf_percent_end.o(.ARM.Collect$$_printf_percent$$00000017)
    __rt_lib_init                            0x08000299   Thumb Code     0  libinit.o(.ARM.Collect$$libinit$$00000000)
    __rt_lib_init_fp_1                       0x0800029b   Thumb Code     0  libinit2.o(.ARM.Collect$$libinit$$00000001)
    __rt_lib_init_heap_1                     0x0800029f   Thumb Code     0  libinit2.o(.ARM.Collect$$libinit$$0000000A)
    __rt_lib_init_lc_common                  0x0800029f   Thumb Code     0  libinit2.o(.ARM.Collect$$libinit$$0000000F)
    __rt_lib_init_preinit_1                  0x0800029f   Thumb Code     0  libinit2.o(.ARM.Collect$$libinit$$00000004)
    __rt_lib_init_rand_1                     0x0800029f   Thumb Code     0  libinit2.o(.ARM.Collect$$libinit$$0000000E)
    __rt_lib_init_user_alloc_1               0x0800029f   Thumb Code     0  libinit2.o(.ARM.Collect$$libinit$$0000000C)
    __rt_lib_init_lc_collate_1               0x080002a5   Thumb Code     0  libinit2.o(.ARM.Collect$$libinit$$00000011)
    __rt_lib_init_lc_ctype_2                 0x080002a5   Thumb Code     0  libinit2.o(.ARM.Collect$$libinit$$00000012)
    __rt_lib_init_lc_ctype_1                 0x080002b1   Thumb Code     0  libinit2.o(.ARM.Collect$$libinit$$00000013)
    __rt_lib_init_lc_monetary_1              0x080002b1   Thumb Code     0  libinit2.o(.ARM.Collect$$libinit$$00000015)
    __rt_lib_init_lc_numeric_2               0x080002b1   Thumb Code     0  libinit2.o(.ARM.Collect$$libinit$$00000016)
    __rt_lib_init_alloca_1                   0x080002bb   Thumb Code     0  libinit2.o(.ARM.Collect$$libinit$$0000002E)
    __rt_lib_init_argv_1                     0x080002bb   Thumb Code     0  libinit2.o(.ARM.Collect$$libinit$$0000002C)
    __rt_lib_init_atexit_1                   0x080002bb   Thumb Code     0  libinit2.o(.ARM.Collect$$libinit$$0000001B)
    __rt_lib_init_clock_1                    0x080002bb   Thumb Code     0  libinit2.o(.ARM.Collect$$libinit$$00000021)
    __rt_lib_init_cpp_1                      0x080002bb   Thumb Code     0  libinit2.o(.ARM.Collect$$libinit$$00000032)
    __rt_lib_init_exceptions_1               0x080002bb   Thumb Code     0  libinit2.o(.ARM.Collect$$libinit$$00000030)
    __rt_lib_init_fp_trap_1                  0x080002bb   Thumb Code     0  libinit2.o(.ARM.Collect$$libinit$$0000001F)
    __rt_lib_init_getenv_1                   0x080002bb   Thumb Code     0  libinit2.o(.ARM.Collect$$libinit$$00000023)
    __rt_lib_init_lc_numeric_1               0x080002bb   Thumb Code     0  libinit2.o(.ARM.Collect$$libinit$$00000017)
    __rt_lib_init_lc_time_1                  0x080002bb   Thumb Code     0  libinit2.o(.ARM.Collect$$libinit$$00000019)
    __rt_lib_init_return                     0x080002bb   Thumb Code     0  libinit2.o(.ARM.Collect$$libinit$$00000033)
    __rt_lib_init_signal_1                   0x080002bb   Thumb Code     0  libinit2.o(.ARM.Collect$$libinit$$0000001D)
    __rt_lib_init_stdio_1                    0x080002bb   Thumb Code     0  libinit2.o(.ARM.Collect$$libinit$$00000025)
    __rt_lib_shutdown                        0x080002bd   Thumb Code     0  libshutdown.o(.ARM.Collect$$libshutdown$$00000000)
    __rt_lib_shutdown_cpp_1                  0x080002bf   Thumb Code     0  libshutdown2.o(.ARM.Collect$$libshutdown$$00000002)
    __rt_lib_shutdown_fp_trap_1              0x080002bf   Thumb Code     0  libshutdown2.o(.ARM.Collect$$libshutdown$$00000007)
    __rt_lib_shutdown_heap_1                 0x080002bf   Thumb Code     0  libshutdown2.o(.ARM.Collect$$libshutdown$$0000000F)
    __rt_lib_shutdown_return                 0x080002bf   Thumb Code     0  libshutdown2.o(.ARM.Collect$$libshutdown$$00000010)
    __rt_lib_shutdown_signal_1               0x080002bf   Thumb Code     0  libshutdown2.o(.ARM.Collect$$libshutdown$$0000000A)
    __rt_lib_shutdown_stdio_1                0x080002bf   Thumb Code     0  libshutdown2.o(.ARM.Collect$$libshutdown$$00000004)
    __rt_lib_shutdown_user_alloc_1           0x080002bf   Thumb Code     0  libshutdown2.o(.ARM.Collect$$libshutdown$$0000000C)
    __rt_entry                               0x080002c1   Thumb Code     0  __rtentry.o(.ARM.Collect$$rtentry$$00000000)
    __rt_entry_presh_1                       0x080002c1   Thumb Code     0  __rtentry2.o(.ARM.Collect$$rtentry$$00000002)
    __rt_entry_sh                            0x080002c1   Thumb Code     0  __rtentry4.o(.ARM.Collect$$rtentry$$00000004)
    __rt_entry_li                            0x080002c7   Thumb Code     0  __rtentry2.o(.ARM.Collect$$rtentry$$0000000A)
    __rt_entry_postsh_1                      0x080002c7   Thumb Code     0  __rtentry2.o(.ARM.Collect$$rtentry$$00000009)
    __rt_entry_main                          0x080002cb   Thumb Code     0  __rtentry2.o(.ARM.Collect$$rtentry$$0000000D)
    __rt_entry_postli_1                      0x080002cb   Thumb Code     0  __rtentry2.o(.ARM.Collect$$rtentry$$0000000C)
    __rt_exit                                0x080002d3   Thumb Code     0  rtexit.o(.ARM.Collect$$rtexit$$00000000)
    __rt_exit_ls                             0x080002d5   Thumb Code     0  rtexit2.o(.ARM.Collect$$rtexit$$00000003)
    __rt_exit_prels_1                        0x080002d5   Thumb Code     0  rtexit2.o(.ARM.Collect$$rtexit$$00000002)
    __rt_exit_exit                           0x080002d9   Thumb Code     0  rtexit2.o(.ARM.Collect$$rtexit$$00000004)
    Reset_Handler                            0x080002e1   Thumb Code     8  startup_stm32f303xe.o(.text)
    NMI_Handler                              0x080002e9   Thumb Code     2  startup_stm32f303xe.o(.text)
    HardFault_Handler                        0x080002eb   Thumb Code     2  startup_stm32f303xe.o(.text)
    MemManage_Handler                        0x080002ed   Thumb Code     2  startup_stm32f303xe.o(.text)
    BusFault_Handler                         0x080002ef   Thumb Code     2  startup_stm32f303xe.o(.text)
    UsageFault_Handler                       0x080002f1   Thumb Code     2  startup_stm32f303xe.o(.text)
    SVC_Handler                              0x080002f3   Thumb Code     2  startup_stm32f303xe.o(.text)
    DebugMon_Handler                         0x080002f5   Thumb Code     2  startup_stm32f303xe.o(.text)
    PendSV_Handler                           0x080002f7   Thumb Code     2  startup_stm32f303xe.o(.text)
    ADC1_2_IRQHandler                        0x080002fb   Thumb Code     0  startup_stm32f303xe.o(.text)
    ADC3_IRQHandler                          0x080002fb   Thumb Code     0  startup_stm32f303xe.o(.text)
    ADC4_IRQHandler                          0x080002fb   Thumb Code     0  startup_stm32f303xe.o(.text)
    CAN_RX1_IRQHandler                       0x080002fb   Thumb Code     0  startup_stm32f303xe.o(.text)
    CAN_SCE_IRQHandler                       0x080002fb   Thumb Code     0  startup_stm32f303xe.o(.text)
    COMP1_2_3_IRQHandler                     0x080002fb   Thumb Code     0  startup_stm32f303xe.o(.text)
    COMP4_5_6_IRQHandler                     0x080002fb   Thumb Code     0  startup_stm32f303xe.o(.text)
    COMP7_IRQHandler                         0x080002fb   Thumb Code     0  startup_stm32f303xe.o(.text)
    DMA1_Channel1_IRQHandler                 0x080002fb   Thumb Code     0  startup_stm32f303xe.o(.text)
    DMA1_Channel2_IRQHandler                 0x080002fb   Thumb Code     0  startup_stm32f303xe.o(.text)
    DMA1_Channel3_IRQHandler                 0x080002fb   Thumb Code     0  startup_stm32f303xe.o(.text)
    DMA1_Channel4_IRQHandler                 0x080002fb   Thumb Code     0  startup_stm32f303xe.o(.text)
    DMA1_Channel5_IRQHandler                 0x080002fb   Thumb Code     0  startup_stm32f303xe.o(.text)
    DMA1_Channel6_IRQHandler                 0x080002fb   Thumb Code     0  startup_stm32f303xe.o(.text)
    DMA1_Channel7_IRQHandler                 0x080002fb   Thumb Code     0  startup_stm32f303xe.o(.text)
    DMA2_Channel1_IRQHandler                 0x080002fb   Thumb Code     0  startup_stm32f303xe.o(.text)
    DMA2_Channel2_IRQHandler                 0x080002fb   Thumb Code     0  startup_stm32f303xe.o(.text)
    DMA2_Channel3_IRQHandler                 0x080002fb   Thumb Code     0  startup_stm32f303xe.o(.text)
    DMA2_Channel4_IRQHandler                 0x080002fb   Thumb Code     0  startup_stm32f303xe.o(.text)
    DMA2_Channel5_IRQHandler                 0x080002fb   Thumb Code     0  startup_stm32f303xe.o(.text)
    EXTI0_IRQHandler                         0x080002fb   Thumb Code     0  startup_stm32f303xe.o(.text)
    EXTI15_10_IRQHandler                     0x080002fb   Thumb Code     0  startup_stm32f303xe.o(.text)
    EXTI1_IRQHandler                         0x080002fb   Thumb Code     0  startup_stm32f303xe.o(.text)
    EXTI2_TSC_IRQHandler                     0x080002fb   Thumb Code     0  startup_stm32f303xe.o(.text)
    EXTI3_IRQHandler                         0x080002fb   Thumb Code     0  startup_stm32f303xe.o(.text)
    EXTI4_IRQHandler                         0x080002fb   Thumb Code     0  startup_stm32f303xe.o(.text)
    EXTI9_5_IRQHandler                       0x080002fb   Thumb Code     0  startup_stm32f303xe.o(.text)
    FLASH_IRQHandler                         0x080002fb   Thumb Code     0  startup_stm32f303xe.o(.text)
    FMC_IRQHandler                           0x080002fb   Thumb Code     0  startup_stm32f303xe.o(.text)
    FPU_IRQHandler                           0x080002fb   Thumb Code     0  startup_stm32f303xe.o(.text)
    I2C1_ER_IRQHandler                       0x080002fb   Thumb Code     0  startup_stm32f303xe.o(.text)
    I2C1_EV_IRQHandler                       0x080002fb   Thumb Code     0  startup_stm32f303xe.o(.text)
    I2C2_ER_IRQHandler                       0x080002fb   Thumb Code     0  startup_stm32f303xe.o(.text)
    I2C2_EV_IRQHandler                       0x080002fb   Thumb Code     0  startup_stm32f303xe.o(.text)
    I2C3_ER_IRQHandler                       0x080002fb   Thumb Code     0  startup_stm32f303xe.o(.text)
    I2C3_EV_IRQHandler                       0x080002fb   Thumb Code     0  startup_stm32f303xe.o(.text)
    PVD_IRQHandler                           0x080002fb   Thumb Code     0  startup_stm32f303xe.o(.text)
    RCC_IRQHandler                           0x080002fb   Thumb Code     0  startup_stm32f303xe.o(.text)
    RTC_Alarm_IRQHandler                     0x080002fb   Thumb Code     0  startup_stm32f303xe.o(.text)
    RTC_WKUP_IRQHandler                      0x080002fb   Thumb Code     0  startup_stm32f303xe.o(.text)
    SPI1_IRQHandler                          0x080002fb   Thumb Code     0  startup_stm32f303xe.o(.text)
    SPI2_IRQHandler                          0x080002fb   Thumb Code     0  startup_stm32f303xe.o(.text)
    SPI3_IRQHandler                          0x080002fb   Thumb Code     0  startup_stm32f303xe.o(.text)
    SPI4_IRQHandler                          0x080002fb   Thumb Code     0  startup_stm32f303xe.o(.text)
    TAMP_STAMP_IRQHandler                    0x080002fb   Thumb Code     0  startup_stm32f303xe.o(.text)
    TIM1_CC_IRQHandler                       0x080002fb   Thumb Code     0  startup_stm32f303xe.o(.text)
    TIM20_BRK_IRQHandler                     0x080002fb   Thumb Code     0  startup_stm32f303xe.o(.text)
    TIM20_TRG_COM_IRQHandler                 0x080002fb   Thumb Code     0  startup_stm32f303xe.o(.text)
    TIM20_UP_IRQHandler                      0x080002fb   Thumb Code     0  startup_stm32f303xe.o(.text)
    TIM2_IRQHandler                          0x080002fb   Thumb Code     0  startup_stm32f303xe.o(.text)
    TIM6_DAC_IRQHandler                      0x080002fb   Thumb Code     0  startup_stm32f303xe.o(.text)
    TIM7_IRQHandler                          0x080002fb   Thumb Code     0  startup_stm32f303xe.o(.text)
    TIM8_BRK_IRQHandler                      0x080002fb   Thumb Code     0  startup_stm32f303xe.o(.text)
    TIM8_TRG_COM_IRQHandler                  0x080002fb   Thumb Code     0  startup_stm32f303xe.o(.text)
    TIM8_UP_IRQHandler                       0x080002fb   Thumb Code     0  startup_stm32f303xe.o(.text)
    UART4_IRQHandler                         0x080002fb   Thumb Code     0  startup_stm32f303xe.o(.text)
    UART5_IRQHandler                         0x080002fb   Thumb Code     0  startup_stm32f303xe.o(.text)
    USART2_IRQHandler                        0x080002fb   Thumb Code     0  startup_stm32f303xe.o(.text)
    USART3_IRQHandler                        0x080002fb   Thumb Code     0  startup_stm32f303xe.o(.text)
    USBWakeUp_IRQHandler                     0x080002fb   Thumb Code     0  startup_stm32f303xe.o(.text)
    USBWakeUp_RMP_IRQHandler                 0x080002fb   Thumb Code     0  startup_stm32f303xe.o(.text)
    USB_HP_CAN_TX_IRQHandler                 0x080002fb   Thumb Code     0  startup_stm32f303xe.o(.text)
    USB_HP_IRQHandler                        0x080002fb   Thumb Code     0  startup_stm32f303xe.o(.text)
    USB_LP_CAN_RX0_IRQHandler                0x080002fb   Thumb Code     0  startup_stm32f303xe.o(.text)
    USB_LP_IRQHandler                        0x080002fb   Thumb Code     0  startup_stm32f303xe.o(.text)
    WWDG_IRQHandler                          0x080002fb   Thumb Code     0  startup_stm32f303xe.o(.text)
    __user_initial_stackheap                 0x080002fd   Thumb Code     0  startup_stm32f303xe.o(.text)
    vsnprintf                                0x08000321   Thumb Code    48  vsnprintf.o(.text)
    atoi                                     0x08000355   Thumb Code    26  atoi.o(.text)
    __aeabi_memcpy                           0x0800036f   Thumb Code     0  rt_memcpy_v6.o(.text)
    __rt_memcpy                              0x0800036f   Thumb Code   138  rt_memcpy_v6.o(.text)
    _memcpy_lastbytes                        0x080003d5   Thumb Code     0  rt_memcpy_v6.o(.text)
    __use_two_region_memory                  0x080003f9   Thumb Code     2  heapauxi.o(.text)
    __rt_heap_escrow$2region                 0x080003fb   Thumb Code     2  heapauxi.o(.text)
    __rt_heap_expand$2region                 0x080003fd   Thumb Code     2  heapauxi.o(.text)
    __rt_ctype_table                         0x08000401   Thumb Code    16  rt_ctype_table.o(.text)
    __aeabi_errno_addr                       0x08000411   Thumb Code     8  rt_errno_addr_intlibspace.o(.text)
    __errno$intlibspace                      0x08000411   Thumb Code     0  rt_errno_addr_intlibspace.o(.text)
    __rt_errno_addr$intlibspace              0x08000411   Thumb Code     0  rt_errno_addr_intlibspace.o(.text)
    _printf_pre_padding                      0x08000419   Thumb Code    44  _printf_pad.o(.text)
    _printf_post_padding                     0x08000445   Thumb Code    34  _printf_pad.o(.text)
    _printf_truncate_signed                  0x08000467   Thumb Code    18  _printf_truncate.o(.text)
    _printf_truncate_unsigned                0x08000479   Thumb Code    18  _printf_truncate.o(.text)
    _printf_str                              0x0800048b   Thumb Code    82  _printf_str.o(.text)
    _printf_int_dec                          0x080004dd   Thumb Code   104  _printf_dec.o(.text)
    _printf_charcount                        0x08000555   Thumb Code    40  _printf_charcount.o(.text)
    _printf_char_common                      0x08000587   Thumb Code    32  _printf_char_common.o(.text)
    _sputc                                   0x080005ad   Thumb Code    10  _sputc.o(.text)
    _snputc                                  0x080005b7   Thumb Code    16  _snputc.o(.text)
    _printf_wctomb                           0x080005c9   Thumb Code   182  _printf_wctomb.o(.text)
    _printf_longlong_dec                     0x08000685   Thumb Code   108  _printf_longlong_dec.o(.text)
    _printf_longlong_oct                     0x08000701   Thumb Code    66  _printf_oct_int_ll.o(.text)
    _printf_int_oct                          0x08000743   Thumb Code    24  _printf_oct_int_ll.o(.text)
    _printf_ll_oct                           0x0800075b   Thumb Code    12  _printf_oct_int_ll.o(.text)
    _printf_longlong_hex                     0x08000771   Thumb Code    86  _printf_hex_int_ll_ptr.o(.text)
    _printf_int_hex                          0x080007c7   Thumb Code    28  _printf_hex_int_ll_ptr.o(.text)
    _printf_ll_hex                           0x080007e3   Thumb Code    12  _printf_hex_int_ll_ptr.o(.text)
    _printf_hex_ptr                          0x080007ef   Thumb Code    18  _printf_hex_int_ll_ptr.o(.text)
    __printf                                 0x08000805   Thumb Code   388  __printf_flags_ss_wp.o(.text)
    strtol                                   0x0800098d   Thumb Code   112  strtol.o(.text)
    __aeabi_memcpy4                          0x080009fd   Thumb Code     0  rt_memcpy_w.o(.text)
    __aeabi_memcpy8                          0x080009fd   Thumb Code     0  rt_memcpy_w.o(.text)
    __rt_memcpy_w                            0x080009fd   Thumb Code   100  rt_memcpy_w.o(.text)
    _memcpy_lastbytes_aligned                0x08000a45   Thumb Code     0  rt_memcpy_w.o(.text)
    __user_libspace                          0x08000a61   Thumb Code     8  libspace.o(.text)
    __user_perproc_libspace                  0x08000a61   Thumb Code     0  libspace.o(.text)
    __user_perthread_libspace                0x08000a61   Thumb Code     0  libspace.o(.text)
    __rt_locale                              0x08000a69   Thumb Code     8  rt_locale_intlibspace.o(.text)
    _ll_udiv10                               0x08000a71   Thumb Code   138  lludiv10.o(.text)
    _printf_int_common                       0x08000afb   Thumb Code   178  _printf_intcommon.o(.text)
    __lib_sel_fp_printf                      0x08000bad   Thumb Code     2  _printf_fp_dec.o(.text)
    _printf_fp_dec_real                      0x08000d5f   Thumb Code   620  _printf_fp_dec.o(.text)
    _printf_fp_hex_real                      0x08000fcd   Thumb Code   756  _printf_fp_hex.o(.text)
    _printf_cs_common                        0x080012c9   Thumb Code    20  _printf_char.o(.text)
    _printf_char                             0x080012dd   Thumb Code    16  _printf_char.o(.text)
    _printf_string                           0x080012ed   Thumb Code     8  _printf_char.o(.text)
    _printf_lcs_common                       0x080012f5   Thumb Code    20  _printf_wchar.o(.text)
    _printf_wchar                            0x08001309   Thumb Code    16  _printf_wchar.o(.text)
    _printf_wstring                          0x08001319   Thumb Code     8  _printf_wchar.o(.text)
    _strtoul                                 0x08001321   Thumb Code   158  _strtoul.o(.text)
    _wcrtomb                                 0x080013bf   Thumb Code    64  _wcrtomb.o(.text)
    __user_setup_stackheap                   0x080013ff   Thumb Code    74  sys_stackheap_outer.o(.text)
    _printf_fp_infnan                        0x08001449   Thumb Code   112  _printf_fp_infnan.o(.text)
    _chval                                   0x080014c9   Thumb Code    28  _chval.o(.text)
    _btod_etento                             0x080014e5   Thumb Code   224  bigflt0.o(.text)
    exit                                     0x080015c9   Thumb Code    18  exit.o(.text)
    strcmp                                   0x080015dd   Thumb Code   128  strcmpv7m.o(.text)
    _sys_exit                                0x0800165d   Thumb Code     8  sys_exit.o(.text)
    __I$use$semihosting                      0x08001669   Thumb Code     0  use_no_semi.o(.text)
    __use_no_semihosting_swi                 0x08001669   Thumb Code     2  use_no_semi.o(.text)
    __semihosting_library_function           0x0800166b   Thumb Code     0  indicate_semi.o(.text)
    _btod_d2e                                0x0800166b   Thumb Code    62  btod.o(CL$$btod_d2e)
    _d2e_denorm_low                          0x080016a9   Thumb Code    70  btod.o(CL$$btod_d2e_denorm_low)
    _d2e_norm_op1                            0x080016ef   Thumb Code    96  btod.o(CL$$btod_d2e_norm_op1)
    __btod_div_common                        0x0800174f   Thumb Code   696  btod.o(CL$$btod_div_common)
    _e2e                                     0x08001a87   Thumb Code   220  btod.o(CL$$btod_e2e)
    _btod_ediv                               0x08001b63   Thumb Code    42  btod.o(CL$$btod_ediv)
    _btod_emul                               0x08001b8d   Thumb Code    42  btod.o(CL$$btod_emul)
    __btod_mult_common                       0x08001bb7   Thumb Code   580  btod.o(CL$$btod_mult_common)
    DCMotorInit                              0x08001dfd   Thumb Code   708  dcmotor.o(i.DCMotorInit)
    Delay_10us                               0x080020e1   Thumb Code    24  systick.o(i.Delay_10us)
    Delay_ms                                 0x080020fd   Thumb Code    16  systick.o(i.Delay_ms)
    EncoderInit                              0x0800210d   Thumb Code   388  encoder.o(i.EncoderInit)
    LCDclear                                 0x0800229d   Thumb Code    16  lcd.o(i.LCDclear)
    LCDcmd                                   0x080022ad   Thumb Code    88  lcd.o(i.LCDcmd)
    LCDdata                                  0x08002309   Thumb Code    88  lcd.o(i.LCDdata)
    LCDinit                                  0x08002365   Thumb Code   454  lcd.o(i.LCDinit)
    LCDprintf                                0x08002535   Thumb Code    38  lcd.o(i.LCDprintf)
    LCDputc                                  0x0800255d   Thumb Code    36  lcd.o(i.LCDputc)
    LCDputs                                  0x08002585   Thumb Code    22  lcd.o(i.LCDputs)
    ServoInit                                0x0800259d   Thumb Code   172  servo.o(i.ServoInit)
    StepperMotorInit                         0x08002655   Thumb Code   446  steppermotor.o(i.StepperMotorInit)
    SysTick_Handler                          0x0800282d   Thumb Code    20  systick.o(i.SysTick_Handler)
    SysTick_Initialize                       0x08002845   Thumb Code    90  systick.o(i.SysTick_Initialize)
    SystemInit                               0x080028a9   Thumb Code   104  system_stm32f3xx.o(i.SystemInit)
    System_Clock_Init                        0x08002925   Thumb Code   242  sysclock.o(i.System_Clock_Init)
    TIM1_BRK_TIM15_IRQHandler                0x08002a25   Thumb Code   164  uds.o(i.TIM1_BRK_TIM15_IRQHandler)
    TIM1_TRG_COM_TIM17_IRQHandler            0x08002ae1   Thumb Code    80  encoder.o(i.TIM1_TRG_COM_TIM17_IRQHandler)
    TIM1_UP_TIM16_IRQHandler                 0x08002b41   Thumb Code    90  encoder.o(i.TIM1_UP_TIM16_IRQHandler)
    TIM20_CC_IRQHandler                      0x08002bb1   Thumb Code   100  taskmanager.o(i.TIM20_CC_IRQHandler)
    TIM3_IRQHandler                          0x08002c2d   Thumb Code    88  dcmotor.o(i.TIM3_IRQHandler)
    TIM4_IRQHandler                          0x08002c9d   Thumb Code   384  steppermotor.o(i.TIM4_IRQHandler)
    TIM8_CC_IRQHandler                       0x08002e31   Thumb Code   202  beeper.o(i.TIM8_CC_IRQHandler)
    TaskManagerInit                          0x08002f19   Thumb Code   182  taskmanager.o(i.TaskManagerInit)
    UARTCheckEnter                           0x08002fe5   Thumb Code    24  uart.o(i.UARTCheckEnter)
    UARTDequeue                              0x08003005   Thumb Code    54  uart.o(i.UARTDequeue)
    UARTInit                                 0x08003045   Thumb Code   572  uart.o(i.UARTInit)
    UARTNotEmpty                             0x08003295   Thumb Code    16  uart.o(i.UARTNotEmpty)
    UARTString                               0x080032a9   Thumb Code    28  uart.o(i.UARTString)
    UARTprintf                               0x080032c5   Thumb Code    38  uart.o(i.UARTprintf)
    UARTputc                                 0x080032ed   Thumb Code    22  uart.o(i.UARTputc)
    UARTputs                                 0x08003309   Thumb Code    22  uart.o(i.UARTputs)
    UDSEcho                                  0x08003321   Thumb Code   214  uds.o(i.UDSEcho)
    UDSInit                                  0x0800340d   Thumb Code    12  uds.o(i.UDSInit)
    UDSTrig                                  0x08003419   Thumb Code   110  uds.o(i.UDSTrig)
    USART1_IRQHandler                        0x08003495   Thumb Code    26  uart.o(i.USART1_IRQHandler)
    __ARM_fpclassify                         0x080034bd   Thumb Code    48  fpclassify.o(i.__ARM_fpclassify)
    _is_digit                                0x08003539   Thumb Code    14  __printf_wp.o(i._is_digit)
    beeperControl                            0x08003549   Thumb Code   378  uds.o(i.beeperControl)
    limitSwitchInit                          0x0800370d   Thumb Code    72  steppermotor.o(i.limitSwitchInit)
    main                                     0x0800375d   Thumb Code   170  main.o(i.main)
    mapValue                                 0x08003845   Thumb Code    34  utilities.o(i.mapValue)
    period_width_to_speed                    0x08003869   Thumb Code    54  taskmanager.o(i.period_width_to_speed)
    receive                                  0x080038a5   Thumb Code    54  uart.o(i.receive)
    runDCMotor                               0x080038dd   Thumb Code   254  dcmotor.o(i.runDCMotor)
    runStepperMotor                          0x080039e5   Thumb Code    80  steppermotor.o(i.runStepperMotor)
    servoPosition                            0x08003a41   Thumb Code    46  servo.o(i.servoPosition)
    speedControl                             0x08003a75   Thumb Code   110  dcmotor.o(i.speedControl)
    stepperExitParallel                      0x08003ae9   Thumb Code    64  steppermotor.o(i.stepperExitParallel)
    stepperHoming                            0x08003b2d   Thumb Code   138  steppermotor.o(i.stepperHoming)
    update_instruction                       0x08003bd1   Thumb Code   284  uart.o(i.update_instruction)
    _get_lc_ctype                            0x08003d2d   Thumb Code    44  lc_ctype_c.o(locale$$code)
    _get_lc_numeric                          0x08003d59   Thumb Code    44  lc_numeric_c.o(locale$$code)
    __fpl_dcmp_Inf                           0x08003d85   Thumb Code    24  dcmpi.o(x$fpl$dcmpinf)
    __aeabi_ui2d                             0x08003d9d   Thumb Code     0  dflt_clz.o(x$fpl$dfltu)
    _dfltu                                   0x08003d9d   Thumb Code    38  dflt_clz.o(x$fpl$dfltu)
    __aeabi_cdcmple                          0x08003dc5   Thumb Code     0  dleqf.o(x$fpl$dleqf)
    _dcmple                                  0x08003dc5   Thumb Code   120  dleqf.o(x$fpl$dleqf)
    __fpl_dcmple_InfNaN                      0x08003e27   Thumb Code     0  dleqf.o(x$fpl$dleqf)
    __aeabi_dmul                             0x08003e3d   Thumb Code     0  dmul.o(x$fpl$dmul)
    _dmul                                    0x08003e3d   Thumb Code   332  dmul.o(x$fpl$dmul)
    __fpl_dnaninf                            0x08003f91   Thumb Code   156  dnaninf.o(x$fpl$dnaninf)
    __fpl_dretinf                            0x0800402d   Thumb Code    12  dretinf.o(x$fpl$dretinf)
    __aeabi_cdrcmple                         0x08004039   Thumb Code     0  drleqf.o(x$fpl$drleqf)
    _drcmple                                 0x08004039   Thumb Code   108  drleqf.o(x$fpl$drleqf)
    _fp_init                                 0x080040a5   Thumb Code    10  fpinit.o(x$fpl$fpinit)
    __fplib_config_fpu_vfp                   0x080040ad   Thumb Code     0  fpinit.o(x$fpl$fpinit)
    __fplib_config_pureend_doubles           0x080040ad   Thumb Code     0  fpinit.o(x$fpl$fpinit)
    _printf_fp_dec                           0x080040af   Thumb Code     4  printf1.o(x$fpl$printf1)
    _printf_fp_hex                           0x080040b3   Thumb Code     4  printf2.o(x$fpl$printf2)
    __I$use$fp                               0x080040b6   Number         0  usenofp.o(x$fpl$usenofp)
    Region$$Table$$Base                      0x080041b4   Number         0  anon$$obj.o(Region$$Table)
    Region$$Table$$Limit                     0x080041d4   Number         0  anon$$obj.o(Region$$Table)
    __ctype                                  0x080041e1   Data           0  lc_ctype_c.o(locale$$data)
    left_speed                               0x20000000   Data           4  main.o(.data)
    right_speed                              0x20000004   Data           4  main.o(.data)
    servo_angle_info                         0x20000040   Data           4  servo.o(.data)
    UDS_pulse_width                          0x2000004c   Data           4  uds.o(.data)
    left_period_width                        0x20000064   Data           4  encoder.o(.data)
    right_period_width                       0x2000006c   Data           4  encoder.o(.data)
    command_num                              0x20000084   Data           1  uart.o(.data)
    input_frame                              0x20000085   Data           6  uart.o(.data)
    beep_cycle                               0x2000008c   Data           4  beeper.o(.data)
    current_instructions                     0x200000a4   Data          32  main.o(.bss)
    __libspace_start                         0x200000f8   Data          96  libspace.o(.bss)
    __temporary_stack_top$libspace           0x20000158   Data           0  libspace.o(.bss)



==============================================================================

Memory Map of the image

  Image Entry point : 0x08000195

  Load Region LR_IROM1 (Base: 0x08000000, Size: 0x000043a4, Max: 0x00080000, ABSOLUTE)

    Execution Region ER_IROM1 (Base: 0x08000000, Size: 0x00004300, Max: 0x00080000, ABSOLUTE)

    Base Addr    Size         Type   Attr      Idx    E Section Name        Object

    0x08000000   0x00000194   Data   RO            3    RESET               startup_stm32f303xe.o
    0x08000194   0x00000008   Code   RO          881  * !!!main             c_w.l(__main.o)
    0x0800019c   0x00000034   Code   RO         1235    !!!scatter          c_w.l(__scatter.o)
    0x080001d0   0x0000001a   Code   RO         1237    !!handler_copy      c_w.l(__scatter_copy.o)
    0x080001ea   0x00000002   PAD
    0x080001ec   0x0000001c   Code   RO         1239    !!handler_zi        c_w.l(__scatter_zi.o)
    0x08000208   0x00000000   Code   RO          984    .ARM.Collect$$_printf_percent$$00000000  c_w.l(_printf_percent.o)
    0x08000208   0x00000006   Code   RO          973    .ARM.Collect$$_printf_percent$$00000001  c_w.l(_printf_n.o)
    0x0800020e   0x00000006   Code   RO          975    .ARM.Collect$$_printf_percent$$00000002  c_w.l(_printf_p.o)
    0x08000214   0x00000006   Code   RO          980    .ARM.Collect$$_printf_percent$$00000003  c_w.l(_printf_f.o)
    0x0800021a   0x00000006   Code   RO          981    .ARM.Collect$$_printf_percent$$00000004  c_w.l(_printf_e.o)
    0x08000220   0x00000006   Code   RO          982    .ARM.Collect$$_printf_percent$$00000005  c_w.l(_printf_g.o)
    0x08000226   0x00000006   Code   RO          983    .ARM.Collect$$_printf_percent$$00000006  c_w.l(_printf_a.o)
    0x0800022c   0x0000000a   Code   RO          988    .ARM.Collect$$_printf_percent$$00000007  c_w.l(_printf_ll.o)
    0x08000236   0x00000006   Code   RO          977    .ARM.Collect$$_printf_percent$$00000008  c_w.l(_printf_i.o)
    0x0800023c   0x00000006   Code   RO          978    .ARM.Collect$$_printf_percent$$00000009  c_w.l(_printf_d.o)
    0x08000242   0x00000006   Code   RO          979    .ARM.Collect$$_printf_percent$$0000000A  c_w.l(_printf_u.o)
    0x08000248   0x00000006   Code   RO          976    .ARM.Collect$$_printf_percent$$0000000B  c_w.l(_printf_o.o)
    0x0800024e   0x00000006   Code   RO          974    .ARM.Collect$$_printf_percent$$0000000C  c_w.l(_printf_x.o)
    0x08000254   0x00000006   Code   RO          985    .ARM.Collect$$_printf_percent$$0000000D  c_w.l(_printf_lli.o)
    0x0800025a   0x00000006   Code   RO          986    .ARM.Collect$$_printf_percent$$0000000E  c_w.l(_printf_lld.o)
    0x08000260   0x00000006   Code   RO          987    .ARM.Collect$$_printf_percent$$0000000F  c_w.l(_printf_llu.o)
    0x08000266   0x00000006   Code   RO          992    .ARM.Collect$$_printf_percent$$00000010  c_w.l(_printf_llo.o)
    0x0800026c   0x00000006   Code   RO          993    .ARM.Collect$$_printf_percent$$00000011  c_w.l(_printf_llx.o)
    0x08000272   0x0000000a   Code   RO          989    .ARM.Collect$$_printf_percent$$00000012  c_w.l(_printf_l.o)
    0x0800027c   0x00000006   Code   RO          971    .ARM.Collect$$_printf_percent$$00000013  c_w.l(_printf_c.o)
    0x08000282   0x00000006   Code   RO          972    .ARM.Collect$$_printf_percent$$00000014  c_w.l(_printf_s.o)
    0x08000288   0x00000006   Code   RO          990    .ARM.Collect$$_printf_percent$$00000015  c_w.l(_printf_lc.o)
    0x0800028e   0x00000006   Code   RO          991    .ARM.Collect$$_printf_percent$$00000016  c_w.l(_printf_ls.o)
    0x08000294   0x00000004   Code   RO         1051    .ARM.Collect$$_printf_percent$$00000017  c_w.l(_printf_percent_end.o)
    0x08000298   0x00000002   Code   RO         1104    .ARM.Collect$$libinit$$00000000  c_w.l(libinit.o)
    0x0800029a   0x00000004   Code   RO         1105    .ARM.Collect$$libinit$$00000001  c_w.l(libinit2.o)
    0x0800029e   0x00000000   Code   RO         1108    .ARM.Collect$$libinit$$00000004  c_w.l(libinit2.o)
    0x0800029e   0x00000000   Code   RO         1111    .ARM.Collect$$libinit$$0000000A  c_w.l(libinit2.o)
    0x0800029e   0x00000000   Code   RO         1113    .ARM.Collect$$libinit$$0000000C  c_w.l(libinit2.o)
    0x0800029e   0x00000000   Code   RO         1115    .ARM.Collect$$libinit$$0000000E  c_w.l(libinit2.o)
    0x0800029e   0x00000006   Code   RO         1116    .ARM.Collect$$libinit$$0000000F  c_w.l(libinit2.o)
    0x080002a4   0x00000000   Code   RO         1118    .ARM.Collect$$libinit$$00000011  c_w.l(libinit2.o)
    0x080002a4   0x0000000c   Code   RO         1119    .ARM.Collect$$libinit$$00000012  c_w.l(libinit2.o)
    0x080002b0   0x00000000   Code   RO         1120    .ARM.Collect$$libinit$$00000013  c_w.l(libinit2.o)
    0x080002b0   0x00000000   Code   RO         1122    .ARM.Collect$$libinit$$00000015  c_w.l(libinit2.o)
    0x080002b0   0x0000000a   Code   RO         1123    .ARM.Collect$$libinit$$00000016  c_w.l(libinit2.o)
    0x080002ba   0x00000000   Code   RO         1124    .ARM.Collect$$libinit$$00000017  c_w.l(libinit2.o)
    0x080002ba   0x00000000   Code   RO         1126    .ARM.Collect$$libinit$$00000019  c_w.l(libinit2.o)
    0x080002ba   0x00000000   Code   RO         1128    .ARM.Collect$$libinit$$0000001B  c_w.l(libinit2.o)
    0x080002ba   0x00000000   Code   RO         1130    .ARM.Collect$$libinit$$0000001D  c_w.l(libinit2.o)
    0x080002ba   0x00000000   Code   RO         1132    .ARM.Collect$$libinit$$0000001F  c_w.l(libinit2.o)
    0x080002ba   0x00000000   Code   RO         1134    .ARM.Collect$$libinit$$00000021  c_w.l(libinit2.o)
    0x080002ba   0x00000000   Code   RO         1136    .ARM.Collect$$libinit$$00000023  c_w.l(libinit2.o)
    0x080002ba   0x00000000   Code   RO         1138    .ARM.Collect$$libinit$$00000025  c_w.l(libinit2.o)
    0x080002ba   0x00000000   Code   RO         1142    .ARM.Collect$$libinit$$0000002C  c_w.l(libinit2.o)
    0x080002ba   0x00000000   Code   RO         1144    .ARM.Collect$$libinit$$0000002E  c_w.l(libinit2.o)
    0x080002ba   0x00000000   Code   RO         1146    .ARM.Collect$$libinit$$00000030  c_w.l(libinit2.o)
    0x080002ba   0x00000000   Code   RO         1148    .ARM.Collect$$libinit$$00000032  c_w.l(libinit2.o)
    0x080002ba   0x00000002   Code   RO         1149    .ARM.Collect$$libinit$$00000033  c_w.l(libinit2.o)
    0x080002bc   0x00000002   Code   RO         1183    .ARM.Collect$$libshutdown$$00000000  c_w.l(libshutdown.o)
    0x080002be   0x00000000   Code   RO         1194    .ARM.Collect$$libshutdown$$00000002  c_w.l(libshutdown2.o)
    0x080002be   0x00000000   Code   RO         1196    .ARM.Collect$$libshutdown$$00000004  c_w.l(libshutdown2.o)
    0x080002be   0x00000000   Code   RO         1199    .ARM.Collect$$libshutdown$$00000007  c_w.l(libshutdown2.o)
    0x080002be   0x00000000   Code   RO         1202    .ARM.Collect$$libshutdown$$0000000A  c_w.l(libshutdown2.o)
    0x080002be   0x00000000   Code   RO         1204    .ARM.Collect$$libshutdown$$0000000C  c_w.l(libshutdown2.o)
    0x080002be   0x00000000   Code   RO         1207    .ARM.Collect$$libshutdown$$0000000F  c_w.l(libshutdown2.o)
    0x080002be   0x00000002   Code   RO         1208    .ARM.Collect$$libshutdown$$00000010  c_w.l(libshutdown2.o)
    0x080002c0   0x00000000   Code   RO          893    .ARM.Collect$$rtentry$$00000000  c_w.l(__rtentry.o)
    0x080002c0   0x00000000   Code   RO         1017    .ARM.Collect$$rtentry$$00000002  c_w.l(__rtentry2.o)
    0x080002c0   0x00000006   Code   RO         1029    .ARM.Collect$$rtentry$$00000004  c_w.l(__rtentry4.o)
    0x080002c6   0x00000000   Code   RO         1019    .ARM.Collect$$rtentry$$00000009  c_w.l(__rtentry2.o)
    0x080002c6   0x00000004   Code   RO         1020    .ARM.Collect$$rtentry$$0000000A  c_w.l(__rtentry2.o)
    0x080002ca   0x00000000   Code   RO         1022    .ARM.Collect$$rtentry$$0000000C  c_w.l(__rtentry2.o)
    0x080002ca   0x00000008   Code   RO         1023    .ARM.Collect$$rtentry$$0000000D  c_w.l(__rtentry2.o)
    0x080002d2   0x00000002   Code   RO         1154    .ARM.Collect$$rtexit$$00000000  c_w.l(rtexit.o)
    0x080002d4   0x00000000   Code   RO         1161    .ARM.Collect$$rtexit$$00000002  c_w.l(rtexit2.o)
    0x080002d4   0x00000004   Code   RO         1162    .ARM.Collect$$rtexit$$00000003  c_w.l(rtexit2.o)
    0x080002d8   0x00000006   Code   RO         1163    .ARM.Collect$$rtexit$$00000004  c_w.l(rtexit2.o)
    0x080002de   0x00000002   PAD
    0x080002e0   0x00000040   Code   RO            4    .text               startup_stm32f303xe.o
    0x08000320   0x00000034   Code   RO          873    .text               c_w.l(vsnprintf.o)
    0x08000354   0x0000001a   Code   RO          875    .text               c_w.l(atoi.o)
    0x0800036e   0x0000008a   Code   RO          877    .text               c_w.l(rt_memcpy_v6.o)
    0x080003f8   0x00000006   Code   RO          879    .text               c_w.l(heapauxi.o)
    0x080003fe   0x00000002   PAD
    0x08000400   0x00000010   Code   RO          894    .text               c_w.l(rt_ctype_table.o)
    0x08000410   0x00000008   Code   RO          899    .text               c_w.l(rt_errno_addr_intlibspace.o)
    0x08000418   0x0000004e   Code   RO          903    .text               c_w.l(_printf_pad.o)
    0x08000466   0x00000024   Code   RO          905    .text               c_w.l(_printf_truncate.o)
    0x0800048a   0x00000052   Code   RO          907    .text               c_w.l(_printf_str.o)
    0x080004dc   0x00000078   Code   RO          909    .text               c_w.l(_printf_dec.o)
    0x08000554   0x00000028   Code   RO          911    .text               c_w.l(_printf_charcount.o)
    0x0800057c   0x00000030   Code   RO          913    .text               c_w.l(_printf_char_common.o)
    0x080005ac   0x0000000a   Code   RO          915    .text               c_w.l(_sputc.o)
    0x080005b6   0x00000010   Code   RO          917    .text               c_w.l(_snputc.o)
    0x080005c6   0x00000002   PAD
    0x080005c8   0x000000bc   Code   RO          919    .text               c_w.l(_printf_wctomb.o)
    0x08000684   0x0000007c   Code   RO          922    .text               c_w.l(_printf_longlong_dec.o)
    0x08000700   0x00000070   Code   RO          928    .text               c_w.l(_printf_oct_int_ll.o)
    0x08000770   0x00000094   Code   RO          948    .text               c_w.l(_printf_hex_int_ll_ptr.o)
    0x08000804   0x00000188   Code   RO          968    .text               c_w.l(__printf_flags_ss_wp.o)
    0x0800098c   0x00000070   Code   RO          994    .text               c_w.l(strtol.o)
    0x080009fc   0x00000064   Code   RO          996    .text               c_w.l(rt_memcpy_w.o)
    0x08000a60   0x00000008   Code   RO         1013    .text               c_w.l(libspace.o)
    0x08000a68   0x00000008   Code   RO         1034    .text               c_w.l(rt_locale_intlibspace.o)
    0x08000a70   0x0000008a   Code   RO         1036    .text               c_w.l(lludiv10.o)
    0x08000afa   0x000000b2   Code   RO         1038    .text               c_w.l(_printf_intcommon.o)
    0x08000bac   0x0000041e   Code   RO         1040    .text               c_w.l(_printf_fp_dec.o)
    0x08000fca   0x00000002   PAD
    0x08000fcc   0x000002fc   Code   RO         1042    .text               c_w.l(_printf_fp_hex.o)
    0x080012c8   0x0000002c   Code   RO         1047    .text               c_w.l(_printf_char.o)
    0x080012f4   0x0000002c   Code   RO         1049    .text               c_w.l(_printf_wchar.o)
    0x08001320   0x0000009e   Code   RO         1052    .text               c_w.l(_strtoul.o)
    0x080013be   0x00000040   Code   RO         1054    .text               c_w.l(_wcrtomb.o)
    0x080013fe   0x0000004a   Code   RO         1061    .text               c_w.l(sys_stackheap_outer.o)
    0x08001448   0x00000080   Code   RO         1063    .text               c_w.l(_printf_fp_infnan.o)
    0x080014c8   0x0000001c   Code   RO         1065    .text               c_w.l(_chval.o)
    0x080014e4   0x000000e4   Code   RO         1067    .text               c_w.l(bigflt0.o)
    0x080015c8   0x00000012   Code   RO         1095    .text               c_w.l(exit.o)
    0x080015da   0x00000002   PAD
    0x080015dc   0x00000080   Code   RO         1097    .text               c_w.l(strcmpv7m.o)
    0x0800165c   0x0000000c   Code   RO         1173    .text               c_w.l(sys_exit.o)
    0x08001668   0x00000002   Code   RO         1184    .text               c_w.l(use_no_semi.o)
    0x0800166a   0x00000000   Code   RO         1186    .text               c_w.l(indicate_semi.o)
    0x0800166a   0x0000003e   Code   RO         1070    CL$$btod_d2e        c_w.l(btod.o)
    0x080016a8   0x00000046   Code   RO         1072    CL$$btod_d2e_denorm_low  c_w.l(btod.o)
    0x080016ee   0x00000060   Code   RO         1071    CL$$btod_d2e_norm_op1  c_w.l(btod.o)
    0x0800174e   0x00000338   Code   RO         1080    CL$$btod_div_common  c_w.l(btod.o)
    0x08001a86   0x000000dc   Code   RO         1077    CL$$btod_e2e        c_w.l(btod.o)
    0x08001b62   0x0000002a   Code   RO         1074    CL$$btod_ediv       c_w.l(btod.o)
    0x08001b8c   0x0000002a   Code   RO         1073    CL$$btod_emul       c_w.l(btod.o)
    0x08001bb6   0x00000244   Code   RO         1079    CL$$btod_mult_common  c_w.l(btod.o)
    0x08001dfa   0x00000002   PAD
    0x08001dfc   0x000002e4   Code   RO          437    i.DCMotorInit       dcmotor.o
    0x080020e0   0x0000001c   Code   RO          212    i.Delay_10us        systick.o
    0x080020fc   0x00000010   Code   RO          213    i.Delay_ms          systick.o
    0x0800210c   0x00000190   Code   RO          540    i.EncoderInit       encoder.o
    0x0800229c   0x00000010   Code   RO          262    i.LCDclear          lcd.o
    0x080022ac   0x0000005c   Code   RO          263    i.LCDcmd            lcd.o
    0x08002308   0x0000005c   Code   RO          264    i.LCDdata           lcd.o
    0x08002364   0x000001d0   Code   RO          265    i.LCDinit           lcd.o
    0x08002534   0x00000026   Code   RO          266    i.LCDprintf         lcd.o
    0x0800255a   0x00000002   PAD
    0x0800255c   0x00000028   Code   RO          267    i.LCDputc           lcd.o
    0x08002584   0x00000016   Code   RO          268    i.LCDputs           lcd.o
    0x0800259a   0x00000002   PAD
    0x0800259c   0x000000b8   Code   RO          404    i.ServoInit         servo.o
    0x08002654   0x000001d8   Code   RO          343    i.StepperMotorInit  steppermotor.o
    0x0800282c   0x00000018   Code   RO          214    i.SysTick_Handler   systick.o
    0x08002844   0x00000064   Code   RO          215    i.SysTick_Initialize  systick.o
    0x080028a8   0x0000007c   Code   RO           71    i.SystemInit        system_stm32f3xx.o
    0x08002924   0x00000100   Code   RO           13    i.System_Clock_Init  sysclock.o
    0x08002a24   0x000000bc   Code   RO          481    i.TIM1_BRK_TIM15_IRQHandler  uds.o
    0x08002ae0   0x00000060   Code   RO          541    i.TIM1_TRG_COM_TIM17_IRQHandler  encoder.o
    0x08002b40   0x00000070   Code   RO          542    i.TIM1_UP_TIM16_IRQHandler  encoder.o
    0x08002bb0   0x0000007c   Code   RO          832    i.TIM20_CC_IRQHandler  taskmanager.o
    0x08002c2c   0x00000070   Code   RO          438    i.TIM3_IRQHandler   dcmotor.o
    0x08002c9c   0x00000194   Code   RO          344    i.TIM4_IRQHandler   steppermotor.o
    0x08002e30   0x000000e8   Code   RO          712    i.TIM8_CC_IRQHandler  beeper.o
    0x08002f18   0x000000cc   Code   RO          833    i.TaskManagerInit   taskmanager.o
    0x08002fe4   0x00000020   Code   RO          593    i.UARTCheckEnter    uart.o
    0x08003004   0x00000040   Code   RO          594    i.UARTDequeue       uart.o
    0x08003044   0x00000250   Code   RO          595    i.UARTInit          uart.o
    0x08003294   0x00000014   Code   RO          596    i.UARTNotEmpty      uart.o
    0x080032a8   0x0000001c   Code   RO          597    i.UARTString        uart.o
    0x080032c4   0x00000026   Code   RO          599    i.UARTprintf        uart.o
    0x080032ea   0x00000002   PAD
    0x080032ec   0x0000001c   Code   RO          600    i.UARTputc          uart.o
    0x08003308   0x00000016   Code   RO          601    i.UARTputs          uart.o
    0x0800331e   0x00000002   PAD
    0x08003320   0x000000ec   Code   RO          482    i.UDSEcho           uds.o
    0x0800340c   0x0000000c   Code   RO          483    i.UDSInit           uds.o
    0x08003418   0x0000007c   Code   RO          484    i.UDSTrig           uds.o
    0x08003494   0x00000028   Code   RO          602    i.USART1_IRQHandler  uart.o
    0x080034bc   0x00000030   Code   RO         1152    i.__ARM_fpclassify  m_wm.l(fpclassify.o)
    0x080034ec   0x00000022   Code   RO          543    i.__NVIC_EnableIRQ  encoder.o
    0x0800350e   0x00000002   PAD
    0x08003510   0x00000028   Code   RO          544    i.__NVIC_SetPriority  encoder.o
    0x08003538   0x0000000e   Code   RO          961    i._is_digit         c_w.l(__printf_wp.o)
    0x08003546   0x00000002   PAD
    0x08003548   0x000001c4   Code   RO          485    i.beeperControl     uds.o
    0x0800370c   0x00000050   Code   RO          345    i.limitSwitchInit   steppermotor.o
    0x0800375c   0x000000e8   Code   RO          117    i.main              main.o
    0x08003844   0x00000022   Code   RO          749    i.mapValue          utilities.o
    0x08003866   0x00000002   PAD
    0x08003868   0x0000003c   Code   RO          834    i.period_width_to_speed  taskmanager.o
    0x080038a4   0x00000036   Code   RO          606    i.receive           uart.o
    0x080038da   0x00000002   PAD
    0x080038dc   0x00000108   Code   RO          439    i.runDCMotor        dcmotor.o
    0x080039e4   0x0000005c   Code   RO          346    i.runStepperMotor   steppermotor.o
    0x08003a40   0x00000034   Code   RO          405    i.servoPosition     servo.o
    0x08003a74   0x00000074   Code   RO          440    i.speedControl      dcmotor.o
    0x08003ae8   0x00000044   Code   RO          347    i.stepperExitParallel  steppermotor.o
    0x08003b2c   0x000000a4   Code   RO          348    i.stepperHoming     steppermotor.o
    0x08003bd0   0x0000015c   Code   RO          607    i.update_instruction  uart.o
    0x08003d2c   0x0000002c   Code   RO         1057    locale$$code        c_w.l(lc_ctype_c.o)
    0x08003d58   0x0000002c   Code   RO         1093    locale$$code        c_w.l(lc_numeric_c.o)
    0x08003d84   0x00000018   Code   RO         1059    x$fpl$dcmpinf       fz_wm.l(dcmpi.o)
    0x08003d9c   0x00000026   Code   RO          883    x$fpl$dfltu         fz_wm.l(dflt_clz.o)
    0x08003dc2   0x00000002   PAD
    0x08003dc4   0x00000078   Code   RO          998    x$fpl$dleqf         fz_wm.l(dleqf.o)
    0x08003e3c   0x00000154   Code   RO          889    x$fpl$dmul          fz_wm.l(dmul.o)
    0x08003f90   0x0000009c   Code   RO         1000    x$fpl$dnaninf       fz_wm.l(dnaninf.o)
    0x0800402c   0x0000000c   Code   RO         1002    x$fpl$dretinf       fz_wm.l(dretinf.o)
    0x08004038   0x0000006c   Code   RO          891    x$fpl$drleqf        fz_wm.l(drleqf.o)
    0x080040a4   0x0000000a   Code   RO         1158    x$fpl$fpinit        fz_wm.l(fpinit.o)
    0x080040ae   0x00000004   Code   RO         1004    x$fpl$printf1       fz_wm.l(printf1.o)
    0x080040b2   0x00000004   Code   RO         1006    x$fpl$printf2       fz_wm.l(printf2.o)
    0x080040b6   0x00000000   Code   RO         1012    x$fpl$usenofp       fz_wm.l(usenofp.o)
    0x080040b6   0x00000002   PAD
    0x080040b8   0x00000008   Data   RO          920    .constdata          c_w.l(_printf_wctomb.o)
    0x080040c0   0x00000028   Data   RO          949    .constdata          c_w.l(_printf_hex_int_ll_ptr.o)
    0x080040e8   0x00000011   Data   RO          969    .constdata          c_w.l(__printf_flags_ss_wp.o)
    0x080040f9   0x00000026   Data   RO         1043    .constdata          c_w.l(_printf_fp_hex.o)
    0x0800411f   0x00000001   PAD
    0x08004120   0x00000094   Data   RO         1068    .constdata          c_w.l(bigflt0.o)
    0x080041b4   0x00000020   Data   RO         1233    Region$$Table       anon$$obj.o
    0x080041d4   0x00000110   Data   RO         1056    locale$$data        c_w.l(lc_ctype_c.o)
    0x080042e4   0x0000001c   Data   RO         1092    locale$$data        c_w.l(lc_numeric_c.o)


    Execution Region RW_IRAM1 (Base: 0x20000000, Size: 0x00000758, Max: 0x00010000, ABSOLUTE)

    Base Addr    Size         Type   Attr      Idx    E Section Name        Object

    0x20000000   0x00000008   Data   RW          119    .data               main.o
    0x20000008   0x00000004   Data   RW          216    .data               systick.o
    0x2000000c   0x00000001   Data   RW          269    .data               lcd.o
    0x2000000d   0x00000003   PAD
    0x20000010   0x00000030   Data   RW          349    .data               steppermotor.o
    0x20000040   0x00000004   Data   RW          406    .data               servo.o
    0x20000044   0x00000008   Data   RW          441    .data               dcmotor.o
    0x2000004c   0x00000018   Data   RW          488    .data               uds.o
    0x20000064   0x0000001c   Data   RW          545    .data               encoder.o
    0x20000080   0x0000000b   Data   RW          609    .data               uart.o
    0x2000008b   0x00000001   PAD
    0x2000008c   0x00000014   Data   RW          714    .data               beeper.o
    0x200000a0   0x00000003   Data   RW          835    .data               taskmanager.o
    0x200000a3   0x00000001   PAD
    0x200000a4   0x00000020   Zero   RW          118    .bss                main.o
    0x200000c4   0x00000032   Zero   RW          608    .bss                uart.o
    0x200000f6   0x00000002   PAD
    0x200000f8   0x00000060   Zero   RW         1014    .bss                c_w.l(libspace.o)
    0x20000158   0x00000200   Zero   RW            2    HEAP                startup_stm32f303xe.o
    0x20000358   0x00000400   Zero   RW            1    STACK               startup_stm32f303xe.o


==============================================================================

Image component sizes


      Code (inc. data)   RO Data    RW Data    ZI Data      Debug   Object Name

       232         30          0         20          0       1354   beeper.o
      1232         72          0          8          0       3236   dcmotor.o
       682         58          0         28          0       3924   encoder.o
       764         22          0          1          0       4564   lcd.o
       232         62          0          8         32       1932   main.o
       236         18          0          4          0       1767   servo.o
        64         26        404          0       1536        900   startup_stm32f303xe.o
      1280         96          0         48          0      34833   steppermotor.o
       256         14          0          0          0     263956   sysclock.o
       124         20          0          0          0        537   system_stm32f3xx.o
       168         18          0          4          0      32926   systick.o
       388         52          0          3          0       2204   taskmanager.o
      1266        126          0         11         50       8001   uart.o
      1012        134          0         24          0       4638   uds.o
        34          0          0          0          0        743   utilities.o

    ----------------------------------------------------------------------
      7984        748        436        164       1620     365515   Object Totals
         0          0         32          0          0          0   (incl. Generated)
        14          0          0          5          2          0   (incl. Padding)

    ----------------------------------------------------------------------

      Code (inc. data)   RO Data    RW Data    ZI Data      Debug   Library Member Name

         8          0          0          0          0         68   __main.o
       392          4         17          0          0         92   __printf_flags_ss_wp.o
        14          0          0          0          0         68   __printf_wp.o
         0          0          0          0          0          0   __rtentry.o
        12          0          0          0          0          0   __rtentry2.o
         6          0          0          0          0          0   __rtentry4.o
        52          8          0          0          0          0   __scatter.o
        26          0          0          0          0          0   __scatter_copy.o
        28          0          0          0          0          0   __scatter_zi.o
        28          0          0          0          0         68   _chval.o
         6          0          0          0          0          0   _printf_a.o
         6          0          0          0          0          0   _printf_c.o
        44          0          0          0          0        108   _printf_char.o
        48          6          0          0          0         96   _printf_char_common.o
        40          0          0          0          0         68   _printf_charcount.o
         6          0          0          0          0          0   _printf_d.o
       120         16          0          0          0         92   _printf_dec.o
         6          0          0          0          0          0   _printf_e.o
         6          0          0          0          0          0   _printf_f.o
      1054          0          0          0          0        216   _printf_fp_dec.o
       764          8         38          0          0        100   _printf_fp_hex.o
       128         16          0          0          0         84   _printf_fp_infnan.o
         6          0          0          0          0          0   _printf_g.o
       148          4         40          0          0        160   _printf_hex_int_ll_ptr.o
         6          0          0          0          0          0   _printf_i.o
       178          0          0          0          0         88   _printf_intcommon.o
        10          0          0          0          0          0   _printf_l.o
         6          0          0          0          0          0   _printf_lc.o
        10          0          0          0          0          0   _printf_ll.o
         6          0          0          0          0          0   _printf_lld.o
         6          0          0          0          0          0   _printf_lli.o
         6          0          0          0          0          0   _printf_llo.o
         6          0          0          0          0          0   _printf_llu.o
         6          0          0          0          0          0   _printf_llx.o
       124         16          0          0          0         92   _printf_longlong_dec.o
         6          0          0          0          0          0   _printf_ls.o
         6          0          0          0          0          0   _printf_n.o
         6          0          0          0          0          0   _printf_o.o
       112         10          0          0          0        124   _printf_oct_int_ll.o
         6          0          0          0          0          0   _printf_p.o
        78          0          0          0          0        108   _printf_pad.o
         0          0          0          0          0          0   _printf_percent.o
         4          0          0          0          0          0   _printf_percent_end.o
         6          0          0          0          0          0   _printf_s.o
        82          0          0          0          0         80   _printf_str.o
        36          0          0          0          0         84   _printf_truncate.o
         6          0          0          0          0          0   _printf_u.o
        44          0          0          0          0        108   _printf_wchar.o
       188          6          8          0          0         92   _printf_wctomb.o
         6          0          0          0          0          0   _printf_x.o
        16          0          0          0          0         68   _snputc.o
        10          0          0          0          0         68   _sputc.o
       158          0          0          0          0         92   _strtoul.o
        64          0          0          0          0         92   _wcrtomb.o
        26          0          0          0          0         80   atoi.o
       228          4        148          0          0         96   bigflt0.o
      1936        128          0          0          0        672   btod.o
        18          0          0          0          0         80   exit.o
         6          0          0          0          0        152   heapauxi.o
         0          0          0          0          0          0   indicate_semi.o
        44         10        272          0          0         76   lc_ctype_c.o
        44         10         28          0          0         76   lc_numeric_c.o
         2          0          0          0          0          0   libinit.o
        34          0          0          0          0          0   libinit2.o
         2          0          0          0          0          0   libshutdown.o
         2          0          0          0          0          0   libshutdown2.o
         8          4          0          0         96         68   libspace.o
       138          0          0          0          0         80   lludiv10.o
        16          4          0          0          0         76   rt_ctype_table.o
         8          4          0          0          0         68   rt_errno_addr_intlibspace.o
         8          4          0          0          0         68   rt_locale_intlibspace.o
       138          0          0          0          0         68   rt_memcpy_v6.o
       100          0          0          0          0         80   rt_memcpy_w.o
         2          0          0          0          0          0   rtexit.o
        10          0          0          0          0          0   rtexit2.o
       128          0          0          0          0         68   strcmpv7m.o
       112          0          0          0          0         88   strtol.o
        12          4          0          0          0         68   sys_exit.o
        74          0          0          0          0         80   sys_stackheap_outer.o
         2          0          0          0          0         68   use_no_semi.o
        52          4          0          0          0         80   vsnprintf.o
        24          0          0          0          0        116   dcmpi.o
        38          0          0          0          0        116   dflt_clz.o
       120          4          0          0          0        140   dleqf.o
       340         12          0          0          0        152   dmul.o
       156          4          0          0          0        140   dnaninf.o
        12          0          0          0          0        116   dretinf.o
       108          0          0          0          0        128   drleqf.o
        10          0          0          0          0        116   fpinit.o
         4          0          0          0          0        116   printf1.o
         4          0          0          0          0        116   printf2.o
         0          0          0          0          0          0   usenofp.o
        48          0          0          0          0        124   fpclassify.o

    ----------------------------------------------------------------------
      8180        290        552          0         96       5888   Library Totals
        20          0          1          0          0          0   (incl. Padding)

    ----------------------------------------------------------------------

      Code (inc. data)   RO Data    RW Data    ZI Data      Debug   Library Name

      7296        270        551          0         96       4508   c_w.l
       816         20          0          0          0       1256   fz_wm.l
        48          0          0          0          0        124   m_wm.l

    ----------------------------------------------------------------------
      8180        290        552          0         96       5888   Library Totals

    ----------------------------------------------------------------------

==============================================================================


      Code (inc. data)   RO Data    RW Data    ZI Data      Debug   

     16164       1038        988        164       1716     363207   Grand Totals
     16164       1038        988        164       1716     363207   ELF Image Totals
     16164       1038        988        164          0          0   ROM Totals

==============================================================================

    Total RO  Size (Code + RO Data)                17152 (  16.75kB)
    Total RW  Size (RW Data + ZI Data)              1880 (   1.84kB)
    Total ROM Size (Code + RO Data + RW Data)      17316 (  16.91kB)

==============================================================================

